Archive member included to satisfy reference by file (symbol)

lib/mbedtls/build/library/libmbedcrypto.a(pk.c.obj)
                              build/App/Src/ota/ota_crypto.o (mbedtls_pk_init)
lib/mbedtls/build/library/libmbedcrypto.a(pk_wrap.c.obj)
                              lib/mbedtls/build/library/libmbedcrypto.a(pk.c.obj) (mbedtls_ecdsa_info)
lib/mbedtls/build/library/libmbedcrypto.a(pkparse.c.obj)
                              build/App/Src/ota/ota_crypto.o (mbedtls_pk_parse_public_key)
lib/mbedtls/build/library/libmbedcrypto.a(platform.c.obj)
                              lib/mbedtls/build/library/libmbedcrypto.a(pk_wrap.c.obj) (mbedtls_calloc)
lib/mbedtls/build/library/libmbedcrypto.a(sha256.c.obj)
                              build/App/Src/ota/ota_crypto.o (mbedtls_sha256_init)
lib/mbedtls/build/library/libmbedcrypto.a(asn1parse.c.obj)
                              lib/mbedtls/build/library/libmbedcrypto.a(pkparse.c.obj) (mbedtls_asn1_get_tag)
lib/mbedtls/build/library/libmbedcrypto.a(bignum.c.obj)
                              lib/mbedtls/build/library/libmbedcrypto.a(pkparse.c.obj) (mbedtls_mpi_free)
lib/mbedtls/build/library/libmbedcrypto.a(bignum_core.c.obj)
                              lib/mbedtls/build/library/libmbedcrypto.a(bignum.c.obj) (mbedtls_mpi_core_bitlen)
lib/mbedtls/build/library/libmbedcrypto.a(constant_time.c.obj)
                              lib/mbedtls/build/library/libmbedcrypto.a(bignum_core.c.obj) (mbedtls_ct_memcpy_if)
lib/mbedtls/build/library/libmbedcrypto.a(ecdsa.c.obj)
                              lib/mbedtls/build/library/libmbedcrypto.a(pk_wrap.c.obj) (mbedtls_ecdsa_write_signature)
lib/mbedtls/build/library/libmbedcrypto.a(ecp.c.obj)
                              lib/mbedtls/build/library/libmbedcrypto.a(pkparse.c.obj) (mbedtls_ecp_grp_id_list)
lib/mbedtls/build/library/libmbedcrypto.a(ecp_curves.c.obj)
                              lib/mbedtls/build/library/libmbedcrypto.a(pkparse.c.obj) (mbedtls_ecp_group_load)
lib/mbedtls/build/library/libmbedcrypto.a(hmac_drbg.c.obj)
                              lib/mbedtls/build/library/libmbedcrypto.a(ecdsa.c.obj) (mbedtls_hmac_drbg_init)
lib/mbedtls/build/library/libmbedcrypto.a(md.c.obj)
                              lib/mbedtls/build/library/libmbedcrypto.a(pk.c.obj) (mbedtls_md_info_from_type)
lib/mbedtls/build/library/libmbedcrypto.a(oid.c.obj)
                              lib/mbedtls/build/library/libmbedcrypto.a(pkparse.c.obj) (mbedtls_oid_get_pk_alg)
lib/mbedtls/build/library/libmbedcrypto.a(pk_ecc.c.obj)
                              lib/mbedtls/build/library/libmbedcrypto.a(pkparse.c.obj) (mbedtls_pk_ecc_set_group)
lib/mbedtls/build/library/libmbedcrypto.a(platform_util.c.obj)
                              lib/mbedtls/build/library/libmbedcrypto.a(bignum.c.obj) (mbedtls_zeroize_and_free)
lib/mbedtls/build/library/libmbedcrypto.a(asn1write.c.obj)
                              lib/mbedtls/build/library/libmbedcrypto.a(ecdsa.c.obj) (mbedtls_asn1_write_len)
/opt/gcc-arm-none-eabi/bin/../lib/gcc/arm-none-eabi/10.3.1/thumb/v7e-m/nofp/libgcc.a(_aeabi_uldivmod.o)
                              lib/mbedtls/build/library/libmbedcrypto.a(bignum.c.obj) (__aeabi_uldivmod)
/opt/gcc-arm-none-eabi/bin/../lib/gcc/arm-none-eabi/10.3.1/thumb/v7e-m/nofp/libgcc.a(_udivmoddi4.o)
                              /opt/gcc-arm-none-eabi/bin/../lib/gcc/arm-none-eabi/10.3.1/thumb/v7e-m/nofp/libgcc.a(_aeabi_uldivmod.o) (__udivmoddi4)
/opt/gcc-arm-none-eabi/bin/../lib/gcc/arm-none-eabi/10.3.1/thumb/v7e-m/nofp/libgcc.a(_dvmd_tls.o)
                              /opt/gcc-arm-none-eabi/bin/../lib/gcc/arm-none-eabi/10.3.1/thumb/v7e-m/nofp/libgcc.a(_aeabi_uldivmod.o) (__aeabi_ldiv0)
/opt/gcc-arm-none-eabi/bin/../lib/gcc/arm-none-eabi/10.3.1/../../../../arm-none-eabi/lib/thumb/v7e-m/nofp/libg.a(lib_a-ctype_.o)
                              build/App/Src/cli/cli.o (_ctype_)
/opt/gcc-arm-none-eabi/bin/../lib/gcc/arm-none-eabi/10.3.1/../../../../arm-none-eabi/lib/thumb/v7e-m/nofp/libg.a(lib_a-errno.o)
                              build/Core/Src/syscalls.o (__errno)
/opt/gcc-arm-none-eabi/bin/../lib/gcc/arm-none-eabi/10.3.1/../../../../arm-none-eabi/lib/thumb/v7e-m/nofp/libg.a(lib_a-exit.o)
                              /opt/gcc-arm-none-eabi/bin/../lib/gcc/arm-none-eabi/10.3.1/../../../../arm-none-eabi/lib/thumb/v7e-m/nofp/crt0.o (exit)
/opt/gcc-arm-none-eabi/bin/../lib/gcc/arm-none-eabi/10.3.1/../../../../arm-none-eabi/lib/thumb/v7e-m/nofp/libg.a(lib_a-impure.o)
                              /opt/gcc-arm-none-eabi/bin/../lib/gcc/arm-none-eabi/10.3.1/../../../../arm-none-eabi/lib/thumb/v7e-m/nofp/libg.a(lib_a-exit.o) (_global_impure_ptr)
/opt/gcc-arm-none-eabi/bin/../lib/gcc/arm-none-eabi/10.3.1/../../../../arm-none-eabi/lib/thumb/v7e-m/nofp/libg.a(lib_a-init.o)
                              /opt/gcc-arm-none-eabi/bin/../lib/gcc/arm-none-eabi/10.3.1/../../../../arm-none-eabi/lib/thumb/v7e-m/nofp/crt0.o (__libc_init_array)
[...]
Memory Configuration

Name             Origin             Length             Attributes
BOOTLOADER_FLASH 0x0000000008000000 0x0000000000020000 xr
SLOTA            0x0000000008040000 0x00000000000c0000 xr
SLOTB            0x0000000008100000 0x00000000000c0000 xr
BOOT_CONFIG      0x00000000081c0000 0x0000000000040000 xr
DTCM_RAM         0x0000000020000000 0x0000000000020000 xrw
RAM              0x0000000020020000 0x0000000000060000 xrw
ITCM_RAM         0x0000000000000000 0x0000000000004000 xrw
*default*        0x0000000000000000 0xffffffffffffffff

Linker script and memory map

LOAD /opt/gcc-arm-none-eabi/bin/../lib/gcc/arm-none-eabi/10.3.1/thumb/v7e-m/nofp/crti.o
LOAD /opt/gcc-arm-none-eabi/bin/../lib/gcc/arm-none-eabi/10.3.1/thumb/v7e-m/nofp/crtbegin.o
LOAD /opt/gcc-arm-none-eabi/bin/../lib/gcc/arm-none-eabi/10.3.1/../../../../arm-none-eabi/lib/thumb/v7e-m/nofp/crt0.o
LOAD build/Core/Src/syscalls.o
LOAD build/Core/Src/main.o
LOAD build/Core/Src/startup.o
LOAD build/App/Src/cli/cli.o
LOAD build/App/Src/common/logger.o
LOAD build/App/Src/common/utilities.o
LOAD build/App/Src/bootloader/boot_config.o
LOAD build/App/Src/bootloader/bootloader.o
LOAD build/App/Src/ota/ota.o
LOAD build/App/Src/ota/ota_protocol.o
LOAD build/App/Src/ota/ota_crypto.o
LOAD build/Drivers/Src/uart.o
LOAD build/Drivers/Src/systick.o
LOAD build/Drivers/Src/flash.o
LOAD build/Drivers/Src/led.o
LOAD lib/mbedtls/build/library/libmbedcrypto.a
START GROUP
LOAD /opt/gcc-arm-none-eabi/bin/../lib/gcc/arm-none-eabi/10.3.1/thumb/v7e-m/nofp/libgcc.a
LOAD /opt/gcc-arm-none-eabi/bin/../lib/gcc/arm-none-eabi/10.3.1/../../../../arm-none-eabi/lib/thumb/v7e-m/nofp/libg.a
LOAD /opt/gcc-arm-none-eabi/bin/../lib/gcc/arm-none-eabi/10.3.1/../../../../arm-none-eabi/lib/thumb/v7e-m/nofp/libc.a
END GROUP
START GROUP
LOAD /opt/gcc-arm-none-eabi/bin/../lib/gcc/arm-none-eabi/10.3.1/thumb/v7e-m/nofp/libgcc.a
LOAD /opt/gcc-arm-none-eabi/bin/../lib/gcc/arm-none-eabi/10.3.1/../../../../arm-none-eabi/lib/thumb/v7e-m/nofp/libc.a
LOAD /opt/gcc-arm-none-eabi/bin/../lib/gcc/arm-none-eabi/10.3.1/../../../../arm-none-eabi/lib/thumb/v7e-m/nofp/libnosys.a
END GROUP
LOAD /opt/gcc-arm-none-eabi/bin/../lib/gcc/arm-none-eabi/10.3.1/thumb/v7e-m/nofp/crtend.o
LOAD /opt/gcc-arm-none-eabi/bin/../lib/gcc/arm-none-eabi/10.3.1/thumb/v7e-m/nofp/crtn.o
                0x0000000020080000                _estack = (ORIGIN (RAM) + LENGTH (RAM))

.text           0x0000000008000000    0x1292c
                0x0000000008000000                . = ALIGN (0x4)
                0x0000000008000000                _stext = .
 *(.isr_vector)
 .isr_vector    0x0000000008000000      0x160 build/Core/Src/startup.o
                0x0000000008000000                vector_table
 *(.text)
 .text          0x0000000008000160      0x330 lib/mbedtls/build/library/libmbedcrypto.a(pk.c.obj)
                0x0000000008000160                mbedtls_pk_init
                0x0000000008000168                mbedtls_pk_free
                0x0000000008000188                mbedtls_pk_info_from_type
                0x00000000080001a0                mbedtls_pk_setup
                0x00000000080001cc                mbedtls_pk_can_do
                0x00000000080001de                mbedtls_pk_verify_restartable
                0x0000000008000234                mbedtls_pk_verify
                0x000000000800024a                mbedtls_pk_sign_restartable
                0x00000000080002b8                mbedtls_pk_sign
                0x00000000080002dc                mbedtls_pk_sign_ext
                0x0000000008000348                mbedtls_pk_decrypt
                0x000000000800036c                mbedtls_pk_encrypt
                0x0000000008000390                mbedtls_pk_check_pair
                0x00000000080003d4                mbedtls_pk_get_bitlen
                0x00000000080003e2                mbedtls_pk_debug
                0x0000000008000404                mbedtls_pk_get_name
                0x0000000008000418                mbedtls_pk_get_type
                0x0000000008000422                mbedtls_pk_verify_ext
 .text          0x0000000008000490       0x94 lib/mbedtls/build/library/libmbedcrypto.a(pk_wrap.c.obj)
 .text          0x0000000008000524      0x698 lib/mbedtls/build/library/libmbedcrypto.a(pkparse.c.obj)
                0x00000000080009c8                mbedtls_pk_parse_subpubkey
                0x0000000008000a88                mbedtls_pk_parse_key
                0x0000000008000b9c                mbedtls_pk_parse_public_key
 .text          0x0000000008000bbc       0x30 lib/mbedtls/build/library/libmbedcrypto.a(platform.c.obj)
                0x0000000008000bbc                mbedtls_calloc
                0x0000000008000bc8                mbedtls_free
                0x0000000008000bd4                mbedtls_platform_set_calloc_free
                0x0000000008000be4                mbedtls_platform_setup
                0x0000000008000be8                mbedtls_platform_teardown
 .text          0x0000000008000bec      0x8a0 lib/mbedtls/build/library/libmbedcrypto.a(sha256.c.obj)
                0x0000000008000bec                mbedtls_sha256_init
                0x0000000008000bf4                mbedtls_sha256_free
                0x0000000008000bfe                mbedtls_sha256_clone
                0x0000000008000c08                mbedtls_sha256_starts
                0x0000000008000c64                mbedtls_internal_sha256_process
                0x000000000800131e                mbedtls_sha256_update
                0x00000000080013a4                mbedtls_sha256_finish
                0x0000000008001442                mbedtls_sha256
 .text          0x000000000800148c      0x400 lib/mbedtls/build/library/libmbedcrypto.a(asn1parse.c.obj)
                0x00000000080014c0                mbedtls_asn1_get_len
                0x0000000008001520                mbedtls_asn1_get_tag
                0x00000000080015ac                mbedtls_asn1_get_bool
                0x00000000080015dc                mbedtls_asn1_get_int
                0x00000000080015e2                mbedtls_asn1_get_enum
                0x00000000080015e8                mbedtls_asn1_get_mpi
                0x000000000800160e                mbedtls_asn1_get_bitstring
                0x000000000800164e                mbedtls_asn1_traverse_sequence_of
                0x00000000080016d8                mbedtls_asn1_get_bitstring_null
                0x0000000008001700                mbedtls_asn1_sequence_free
                0x0000000008001710                mbedtls_asn1_get_sequence_of
                0x000000000800174c                mbedtls_asn1_get_alg
                0x00000000080017e2                mbedtls_asn1_get_alg_null
                0x0000000008001812                mbedtls_asn1_free_named_data
                0x0000000008001832                mbedtls_asn1_free_named_data_list
                0x0000000008001854                mbedtls_asn1_free_named_data_list_shallow
                0x0000000008001864                mbedtls_asn1_find_named_data
 .text          0x000000000800188c     0x1580 lib/mbedtls/build/library/libmbedcrypto.a(bignum.c.obj)
                0x00000000080018d8                mbedtls_mpi_lt_mpi_ct
                0x000000000800193e                mbedtls_mpi_init
                0x0000000008001948                mbedtls_mpi_free
                0x0000000008001964                mbedtls_mpi_grow
                0x00000000080019aa                mbedtls_mpi_safe_cond_assign
                0x00000000080019fc                mbedtls_mpi_safe_cond_swap
                0x0000000008001a8e                mbedtls_mpi_shrink
                0x0000000008001af0                mbedtls_mpi_copy
                0x0000000008001b56                mbedtls_mpi_swap
                0x0000000008001b78                mbedtls_mpi_lset
                0x0000000008001bb0                mbedtls_mpi_get_bit
                0x0000000008001bd2                mbedtls_mpi_set_bit
                0x0000000008001c24                mbedtls_mpi_lsb
                0x0000000008001c4a                mbedtls_mpi_bitlen
                0x0000000008001c52                mbedtls_mpi_size
                0x0000000008001c5e                mbedtls_mpi_read_binary_le
                0x0000000008001c8a                mbedtls_mpi_read_binary
                0x0000000008001cb6                mbedtls_mpi_write_binary_le
                0x0000000008001cc2                mbedtls_mpi_write_binary
                0x0000000008001cce                mbedtls_mpi_shift_l
                0x0000000008001d08                mbedtls_mpi_shift_r
                0x0000000008001d1a                mbedtls_mpi_cmp_abs
                0x0000000008001d7c                mbedtls_mpi_cmp_mpi
                0x0000000008001e0c                mbedtls_mpi_cmp_int
                0x0000000008001e3c                mbedtls_mpi_add_abs
                0x0000000008001ecc                mbedtls_mpi_sub_abs
                0x0000000008001fcc                mbedtls_mpi_add_mpi
                0x0000000008001fd0                mbedtls_mpi_sub_mpi
                0x0000000008001fd6                mbedtls_mpi_add_int
                0x0000000008002006                mbedtls_mpi_sub_int
                0x0000000008002036                mbedtls_mpi_mul_mpi
                0x000000000800210c                mbedtls_mpi_mul_int
                0x000000000800216e                mbedtls_mpi_read_string
                0x000000000800227e                mbedtls_mpi_div_mpi
                0x00000000080025ce                mbedtls_mpi_div_int
                0x00000000080025fc                mbedtls_mpi_mod_mpi
                0x0000000008002810                mbedtls_mpi_mod_int
                0x0000000008002880                mbedtls_mpi_write_string
                0x00000000080029dc                mbedtls_mpi_exp_mod
                0x00000000080029ee                mbedtls_mpi_exp_mod_unsafe
                0x0000000008002a02                mbedtls_mpi_gcd
                0x0000000008002afa                mbedtls_mpi_fill_random
                0x0000000008002b2a                mbedtls_mpi_random
                0x0000000008002b66                mbedtls_mpi_inv_mod
 .text          0x0000000008002e0c      0x95c lib/mbedtls/build/library/libmbedcrypto.a(bignum_core.c.obj)
                0x0000000008002e24                mbedtls_mpi_core_clz
                0x0000000008002e2a                mbedtls_mpi_core_bitlen
                0x0000000008002e48                mbedtls_mpi_core_bigendian_to_host
                0x0000000008002e6e                mbedtls_mpi_core_uint_le_mpi
                0x0000000008002e98                mbedtls_mpi_core_lt_ct
                0x0000000008002ed6                mbedtls_mpi_core_cond_assign
                0x0000000008002efe                mbedtls_mpi_core_cond_swap
                0x0000000008002f36                mbedtls_mpi_core_read_le
                0x0000000008002f82                mbedtls_mpi_core_read_be
                0x0000000008002fd0                mbedtls_mpi_core_write_le
                0x0000000008003034                mbedtls_mpi_core_write_be
                0x0000000008003098                mbedtls_mpi_core_shift_r
                0x000000000800311a                mbedtls_mpi_core_shift_l
                0x0000000008003186                mbedtls_mpi_core_add
                0x00000000080031b2                mbedtls_mpi_core_add_if
                0x00000000080031ea                mbedtls_mpi_core_sub
                0x0000000008003226                mbedtls_mpi_core_mla
                0x00000000080032fa                mbedtls_mpi_core_mul
                0x000000000800333c                mbedtls_mpi_core_montmul_init
                0x000000000800335e                mbedtls_mpi_core_montmul
                0x0000000008003586                mbedtls_mpi_core_get_mont_r2_unsafe
                0x00000000080035ba                mbedtls_mpi_core_fill_random
                0x0000000008003618                mbedtls_mpi_core_random
                0x000000000800369c                mbedtls_mpi_core_exp_mod_working_limbs
                0x00000000080036b2                mbedtls_mpi_core_exp_mod
                0x00000000080036d2                mbedtls_mpi_core_exp_mod_unsafe
                0x00000000080036f4                mbedtls_mpi_core_sub_int
                0x0000000008003716                mbedtls_mpi_core_check_zero_ct
                0x000000000800372e                mbedtls_mpi_core_to_mont_rep
                0x0000000008003746                mbedtls_mpi_core_from_mont_rep
 .text          0x0000000008003768       0xae lib/mbedtls/build/library/libmbedcrypto.a(constant_time.c.obj)
                0x0000000008003768                mbedtls_ct_memcmp
                0x000000000800379c                mbedtls_ct_memcpy_if
                0x00000000080037dc                mbedtls_ct_memcpy_offset
 *fill*         0x0000000008003816        0x2 
 .text          0x0000000008003818      0x668 lib/mbedtls/build/library/libmbedcrypto.a(ecdsa.c.obj)
                0x0000000008003870                mbedtls_ecdsa_can_do
                0x0000000008003874                mbedtls_ecdsa_sign_restartable
                0x0000000008003a04                mbedtls_ecdsa_sign
                0x0000000008003a28                mbedtls_ecdsa_sign_det_restartable
                0x0000000008003ae8                mbedtls_ecdsa_sign_det_ext
                0x0000000008003b0e                mbedtls_ecdsa_verify_restartable
                0x0000000008003c48                mbedtls_ecdsa_verify
                0x0000000008003c5e                mbedtls_ecdsa_write_signature_restartable
                0x0000000008003d3c                mbedtls_ecdsa_write_signature
                0x0000000008003d60                mbedtls_ecdsa_read_signature_restartable
                0x0000000008003e04                mbedtls_ecdsa_read_signature
                0x0000000008003e16                mbedtls_ecdsa_genkey
                0x0000000008003e3a                mbedtls_ecdsa_init
                0x0000000008003e3e                mbedtls_ecdsa_free
                0x0000000008003e46                mbedtls_ecdsa_from_keypair
 .text          0x0000000008003e80     0x1884 lib/mbedtls/build/library/libmbedcrypto.a(ecp.c.obj)
                0x000000000800460a                mbedtls_ecp_curve_list
                0x0000000008004614                mbedtls_ecp_grp_id_list
                0x000000000800464c                mbedtls_ecp_curve_info_from_grp_id
                0x0000000008004664                mbedtls_ecp_curve_info_from_tls_id
                0x0000000008004674                mbedtls_ecp_curve_info_from_name
                0x0000000008004694                mbedtls_ecp_get_type
                0x00000000080046a6                mbedtls_ecp_point_init
                0x00000000080046c2                mbedtls_ecp_group_init
                0x0000000008004704                mbedtls_ecp_keypair_init
                0x0000000008004720                mbedtls_ecp_point_free
                0x0000000008004726                mbedtls_ecp_group_free
                0x0000000008004788                mbedtls_ecp_keypair_free
                0x00000000080047a8                mbedtls_ecp_copy
                0x00000000080047d4                mbedtls_ecp_group_copy
                0x00000000080047da                mbedtls_ecp_set_zero
                0x00000000080049e0                mbedtls_ecp_is_zero
                0x00000000080049f2                mbedtls_ecp_point_cmp
                0x0000000008004a28                mbedtls_ecp_point_read_string
                0x0000000008004a54                mbedtls_ecp_point_write_binary
                0x0000000008004b08                mbedtls_ecp_point_read_binary
                0x0000000008004c40                mbedtls_ecp_tls_read_point
                0x0000000008004c70                mbedtls_ecp_tls_write_point
                0x0000000008004ca4                mbedtls_ecp_tls_read_group_id
                0x0000000008004ce4                mbedtls_ecp_tls_read_group
                0x0000000008004d00                mbedtls_ecp_tls_write_group
                0x0000000008004d34                mbedtls_ecp_check_pubkey
                0x0000000008004de8                mbedtls_ecp_check_privkey
                0x0000000008005372                mbedtls_ecp_muladd_restartable
                0x00000000080053f4                mbedtls_ecp_muladd
                0x000000000800540a                mbedtls_ecp_mul_restartable
                0x0000000008005420                mbedtls_ecp_mul
                0x0000000008005436                mbedtls_ecp_gen_privkey
                0x0000000008005474                mbedtls_ecp_gen_keypair_base
                0x00000000080054a8                mbedtls_ecp_gen_keypair
                0x00000000080054c0                mbedtls_ecp_gen_key
                0x00000000080054e8                mbedtls_ecp_set_public_key
                0x0000000008005518                mbedtls_ecp_read_key
                0x000000000800556c                mbedtls_ecp_write_key
                0x000000000800558a                mbedtls_ecp_write_key_ext
                0x00000000080055d8                mbedtls_ecp_write_public_key
                0x00000000080055f0                mbedtls_ecp_check_pub_priv
                0x00000000080056a8                mbedtls_ecp_keypair_calc_public
                0x00000000080056c2                mbedtls_ecp_keypair_get_group_id
                0x00000000080056c6                mbedtls_ecp_export
 .text          0x0000000008005704      0x418 lib/mbedtls/build/library/libmbedcrypto.a(ecp_curves.c.obj)
                0x0000000008005a96                mbedtls_ecp_group_load
 .text          0x0000000008005b1c      0x332 lib/mbedtls/build/library/libmbedcrypto.a(hmac_drbg.c.obj)
                0x0000000008005b1c                mbedtls_hmac_drbg_init
                0x0000000008005b30                mbedtls_hmac_drbg_update
                0x0000000008005c9e                mbedtls_hmac_drbg_seed_buf
                0x0000000008005cea                mbedtls_hmac_drbg_reseed
                0x0000000008005cee                mbedtls_hmac_drbg_seed
                0x0000000008005d58                mbedtls_hmac_drbg_set_prediction_resistance
                0x0000000008005d5c                mbedtls_hmac_drbg_set_entropy_len
                0x0000000008005d60                mbedtls_hmac_drbg_set_reseed_interval
                0x0000000008005d64                mbedtls_hmac_drbg_random_with_add
                0x0000000008005e24                mbedtls_hmac_drbg_random
                0x0000000008005e34                mbedtls_hmac_drbg_free
 *fill*         0x0000000008005e4e        0x2 
 .text          0x0000000008005e50      0x39c lib/mbedtls/build/library/libmbedcrypto.a(md.c.obj)
                0x0000000008005e50                mbedtls_md_info_from_type
                0x0000000008005e60                mbedtls_md_init
                0x0000000008005e6a                mbedtls_md_free
                0x0000000008005ea4                mbedtls_md_clone
                0x0000000008005ed0                mbedtls_md_setup
                0x0000000008005f28                mbedtls_md_starts
                0x0000000008005f44                mbedtls_md_update
                0x0000000008005f60                mbedtls_md_finish
                0x0000000008005f7c                mbedtls_md
                0x0000000008005fa0                mbedtls_md_get_size
                0x0000000008005fa6                mbedtls_md_get_type
                0x0000000008005fac                mbedtls_md_list
                0x0000000008005fb4                mbedtls_md_info_from_string
                0x0000000008005fe4                mbedtls_md_get_name
                0x0000000008006000                mbedtls_md_info_from_ctx
                0x0000000008006006                mbedtls_md_hmac_starts
                0x00000000080060f8                mbedtls_md_hmac_update
                0x0000000008006114                mbedtls_md_hmac_finish
                0x0000000008006168                mbedtls_md_hmac_reset
                0x0000000008006194                mbedtls_md_hmac
 .text          0x00000000080061ec      0x530 lib/mbedtls/build/library/libmbedcrypto.a(oid.c.obj)
                0x00000000080062a0                mbedtls_oid_get_attr_short_name
                0x00000000080062d4                mbedtls_oid_get_x509_ext_type
                0x0000000008006308                mbedtls_oid_get_extended_key_usage
                0x000000000800633c                mbedtls_oid_get_certificate_policies
                0x0000000008006370                mbedtls_oid_get_sig_alg_desc
                0x000000000800638a                mbedtls_oid_get_sig_alg
                0x00000000080063aa                mbedtls_oid_get_oid_by_sig_alg
                0x00000000080063d8                mbedtls_oid_get_pk_alg
                0x000000000800640c                mbedtls_oid_get_oid_by_pk_alg
                0x0000000008006434                mbedtls_oid_get_ec_grp
                0x0000000008006468                mbedtls_oid_get_oid_by_ec_grp
                0x0000000008006490                mbedtls_oid_get_ec_grp_algid
                0x0000000008006496                mbedtls_oid_get_oid_by_ec_grp_algid
                0x000000000800649c                mbedtls_oid_get_md_alg
                0x00000000080064d0                mbedtls_oid_get_oid_by_md
                0x00000000080064f8                mbedtls_oid_get_md_hmac
                0x000000000800652c                mbedtls_oid_get_numeric_string
                0x00000000080065e0                mbedtls_oid_from_numeric_string
 .text          0x000000000800671c       0xc0 lib/mbedtls/build/library/libmbedcrypto.a(pk_ecc.c.obj)
                0x000000000800673a                mbedtls_pk_ecc_set_group
                0x0000000008006778                mbedtls_pk_ecc_set_key
                0x0000000008006798                mbedtls_pk_ecc_set_pubkey_from_prv
                0x00000000080067b8                mbedtls_pk_ecc_set_pubkey
 .text          0x00000000080067dc       0x14 lib/mbedtls/build/library/libmbedcrypto.a(platform_util.c.obj)
                0x00000000080067dc                mbedtls_zeroize_and_free
 .text          0x00000000080067f0      0x3ee lib/mbedtls/build/library/libmbedcrypto.a(asn1write.c.obj)
                0x00000000080067f0                mbedtls_asn1_write_len
                0x0000000008006838                mbedtls_asn1_write_tag
                0x00000000080068ce                mbedtls_asn1_write_raw_buffer
                0x00000000080068f8                mbedtls_asn1_write_mpi
                0x0000000008006964                mbedtls_asn1_write_null
                0x000000000800696a                mbedtls_asn1_write_oid
                0x0000000008006986                mbedtls_asn1_write_algorithm_identifier_ext
                0x00000000080069ca                mbedtls_asn1_write_algorithm_identifier
                0x00000000080069dc                mbedtls_asn1_write_bool
                0x0000000008006a0a                mbedtls_asn1_write_int
                0x0000000008006a0e                mbedtls_asn1_write_enum
                0x0000000008006a12                mbedtls_asn1_write_tagged_string
                0x0000000008006a34                mbedtls_asn1_write_utf8_string
                0x0000000008006a46                mbedtls_asn1_write_printable_string
                0x0000000008006a58                mbedtls_asn1_write_ia5_string
                0x0000000008006a6a                mbedtls_asn1_write_bitstring
                0x0000000008006ade                mbedtls_asn1_write_named_bitstring
                0x0000000008006b14                mbedtls_asn1_write_octet_string
                0x0000000008006b30                mbedtls_asn1_store_named_data
 *fill*         0x0000000008006bde        0x2 
 .text          0x0000000008006be0       0x30 /opt/gcc-arm-none-eabi/bin/../lib/gcc/arm-none-eabi/10.3.1/thumb/v7e-m/nofp/libgcc.a(_aeabi_uldivmod.o)
                0x0000000008006be0                __aeabi_uldivmod
 .text          0x0000000008006c10      0x2d0 /opt/gcc-arm-none-eabi/bin/../lib/gcc/arm-none-eabi/10.3.1/thumb/v7e-m/nofp/libgcc.a(_udivmoddi4.o)
                0x0000000008006c10                __udivmoddi4
 .text          0x0000000008006ee0        0x4 /opt/gcc-arm-none-eabi/bin/../lib/gcc/arm-none-eabi/10.3.1/thumb/v7e-m/nofp/libgcc.a(_dvmd_tls.o)
                0x0000000008006ee0                __aeabi_ldiv0
                0x0000000008006ee0                __aeabi_idiv0
 .text          0x0000000008006ee4      0x134 /opt/gcc-arm-none-eabi/bin/../lib/gcc/arm-none-eabi/10.3.1/../../../../arm-none-eabi/lib/thumb/v7e-m/nofp/libg.a(lib_a-memcpy.o)
                0x0000000008006ee4                memcpy
 *fill*         0x0000000008007018        0x8 
 .text          0x0000000008007020      0x2dc /opt/gcc-arm-none-eabi/bin/../lib/gcc/arm-none-eabi/10.3.1/../../../../arm-none-eabi/lib/thumb/v7e-m/nofp/libg.a(lib_a-strcmp.o)
                0x0000000008007028                strcmp
 *fill*         0x00000000080072fc        0x4 
 .text          0x0000000008007300       0xdc /opt/gcc-arm-none-eabi/bin/../lib/gcc/arm-none-eabi/10.3.1/../../../../arm-none-eabi/lib/thumb/v7e-m/nofp/libg.a(lib_a-strlen.o)
                0x0000000008007300                strlen
 *fill*         0x00000000080073dc        0x4 
 .text          0x00000000080073e0       0xa0 /opt/gcc-arm-none-eabi/bin/../lib/gcc/arm-none-eabi/10.3.1/../../../../arm-none-eabi/lib/thumb/v7e-m/nofp/libg.a(lib_a-memchr.o)
                0x00000000080073e0                memchr
 .text          0x0000000008007480      0x378 /opt/gcc-arm-none-eabi/bin/../lib/gcc/arm-none-eabi/10.3.1/thumb/v7e-m/nofp/libgcc.a(_arm_addsubdf3.o)
                0x0000000008007480                __aeabi_drsub
                0x0000000008007488                __aeabi_dsub
                0x0000000008007488                __subdf3
                0x000000000800748c                __adddf3
                0x000000000800748c                __aeabi_dadd
                0x0000000008007704                __aeabi_ui2d
                0x0000000008007704                __floatunsidf
                0x0000000008007724                __floatsidf
                0x0000000008007724                __aeabi_i2d
                0x0000000008007748                __extendsfdf2
                0x0000000008007748                __aeabi_f2d
                0x000000000800778c                __aeabi_ul2d
                0x000000000800778c                __floatundidf
                0x000000000800779c                __floatdidf
                0x000000000800779c                __aeabi_l2d
 .text          0x00000000080077f8      0x424 /opt/gcc-arm-none-eabi/bin/../lib/gcc/arm-none-eabi/10.3.1/thumb/v7e-m/nofp/libgcc.a(_arm_muldivdf3.o)
                0x00000000080077f8                __aeabi_dmul
                0x00000000080077f8                __muldf3
                0x0000000008007a4c                __aeabi_ddiv
                0x0000000008007a4c                __divdf3
 .text          0x0000000008007c1c      0x110 /opt/gcc-arm-none-eabi/bin/../lib/gcc/arm-none-eabi/10.3.1/thumb/v7e-m/nofp/libgcc.a(_arm_cmpdf2.o)
                0x0000000008007c1c                __gtdf2
                0x0000000008007c1c                __gedf2
                0x0000000008007c24                __ltdf2
                0x0000000008007c24                __ledf2
                0x0000000008007c2c                __cmpdf2
                0x0000000008007c2c                __eqdf2
                0x0000000008007c2c                __nedf2
                0x0000000008007ca8                __aeabi_cdrcmple
                0x0000000008007cb8                __aeabi_cdcmple
                0x0000000008007cb8                __aeabi_cdcmpeq
                0x0000000008007cc8                __aeabi_dcmpeq
                0x0000000008007cdc                __aeabi_dcmplt
                0x0000000008007cf0                __aeabi_dcmple
                0x0000000008007d04                __aeabi_dcmpge
                0x0000000008007d18                __aeabi_dcmpgt
 .text          0x0000000008007d2c       0x2c /opt/gcc-arm-none-eabi/bin/../lib/gcc/arm-none-eabi/10.3.1/thumb/v7e-m/nofp/libgcc.a(_arm_unorddf2.o)
                0x0000000008007d2c                __aeabi_dcmpun
                0x0000000008007d2c                __unorddf2
 .text          0x0000000008007d58       0x50 /opt/gcc-arm-none-eabi/bin/../lib/gcc/arm-none-eabi/10.3.1/thumb/v7e-m/nofp/libgcc.a(_arm_fixdfsi.o)
                0x0000000008007d58                __fixdfsi
                0x0000000008007d58                __aeabi_d2iz
 *(.text*)
 .text._sbrk    0x0000000008007da8       0x64 build/Core/Src/syscalls.o
                0x0000000008007da8                _sbrk
 .text._sbrk_r  0x0000000008007e0c       0x1a build/Core/Src/syscalls.o
                0x0000000008007e0c                _sbrk_r
 *fill*         0x0000000008007e26        0x2 
 .text.calloc   0x0000000008007e28       0x94 build/Core/Src/syscalls.o
                0x0000000008007e28                calloc
 .text.free     0x0000000008007ebc       0x12 build/Core/Src/syscalls.o
                0x0000000008007ebc                free
 .text._write   0x0000000008007ece       0x18 build/Core/Src/syscalls.o
                0x0000000008007ece                _write
 .text._close   0x0000000008007ee6       0x16 build/Core/Src/syscalls.o
                0x0000000008007ee6                _close
 .text._fstat   0x0000000008007efc       0x1e build/Core/Src/syscalls.o
                0x0000000008007efc                _fstat
 .text._isatty  0x0000000008007f1a       0x14 build/Core/Src/syscalls.o
                0x0000000008007f1a                _isatty
 .text._lseek   0x0000000008007f2e       0x18 build/Core/Src/syscalls.o
                0x0000000008007f2e                _lseek
 .text._read    0x0000000008007f46       0x18 build/Core/Src/syscalls.o
                0x0000000008007f46                _read
 .text._exit    0x0000000008007f5e        0xa build/Core/Src/syscalls.o
                0x0000000008007f5e                _exit
 .text._kill    0x0000000008007f68       0x18 build/Core/Src/syscalls.o
                0x0000000008007f68                _kill
 .text._getpid  0x0000000008007f80        0xe build/Core/Src/syscalls.o
                0x0000000008007f80                _getpid
 *fill*         0x0000000008007f8e        0x2 
 .text.SCB_EnableICache
                0x0000000008007f90       0x48 build/Core/Src/main.o
 .text.SCB_EnableDCache
                0x0000000008007fd8       0x88 build/Core/Src/main.o
 .text.main     0x0000000008008060       0x34 build/Core/Src/main.o
                0x0000000008008060                main
 .text.log_state_transition
                0x0000000008008094       0x6c build/Core/Src/main.o
 .text.system_init
                0x0000000008008100       0x4c build/Core/Src/main.o
 .text.Reset_Handler
                0x000000000800814c       0x5c build/Core/Src/startup.o
                0x000000000800814c                Reset_Handler
 .text.Default_Handler
                0x00000000080081a8        0x6 build/Core/Src/startup.o
                0x00000000080081a8                Default_Handler
 *fill*         0x00000000080081ae        0x2 
 .text.HardFault_Handler
                0x00000000080081b0       0x20 build/Core/Src/startup.o
                0x00000000080081b0                HardFault_Handler
 .text.__NVIC_SystemReset
                0x00000000080081d0       0x2c build/App/Src/cli/cli.o
 .text.cli_process_input
                0x00000000080081fc       0x34 build/App/Src/cli/cli.o
                0x00000000080081fc                cli_process_input
 .text.handle_cmd_line_input
                0x0000000008008230       0xcc build/App/Src/cli/cli.o
 .text.execute_command
                0x00000000080082fc       0xc8 build/App/Src/cli/cli.o
 .text.parse_slot_arg
                0x00000000080083c4       0x68 build/App/Src/cli/cli.o
 .text.handle_run_cmd
                0x000000000800842c       0x20 build/App/Src/cli/cli.o
 .text.handle_update_cmd
                0x000000000800844c       0x28 build/App/Src/cli/cli.o
 .text.handle_reboot_cmd
                0x0000000008008474       0x18 build/App/Src/cli/cli.o
 .text.handle_status_cmd
                0x000000000800848c       0x28 build/App/Src/cli/cli.o
 .text.handle_activate_cmd
                0x00000000080084b4       0xa4 build/App/Src/cli/cli.o
 .text.handle_info_cmd
                0x0000000008008558      0x10c build/App/Src/cli/cli.o
 .text.handle_print_cmd
                0x0000000008008664       0x84 build/App/Src/cli/cli.o
 .text.handle_erase_cmd
                0x00000000080086e8      0x148 build/App/Src/cli/cli.o
 .text.handle_help_cmd
                0x0000000008008830       0x90 build/App/Src/cli/cli.o
 .text.log_message
                0x00000000080088c0       0xd4 build/App/Src/common/logger.o
                0x00000000080088c0                log_message
 .text.get_level_string
                0x0000000008008994       0x58 build/App/Src/common/logger.o
 .text.crc32    0x00000000080089ec       0x74 build/App/Src/common/utilities.o
                0x00000000080089ec                crc32
 .text.extract_crc
                0x0000000008008a60       0x36 build/App/Src/common/utilities.o
                0x0000000008008a60                extract_crc
 .text.verify_crc
                0x0000000008008a96       0x2e build/App/Src/common/utilities.o
                0x0000000008008a96                verify_crc
 .text.init_bootloader_config
                0x0000000008008ac4       0x80 build/App/Src/bootloader/boot_config.o
                0x0000000008008ac4                init_bootloader_config
 .text.write_boot_config
                0x0000000008008b44       0x6c build/App/Src/bootloader/boot_config.o
                0x0000000008008b44                write_boot_config
 .text.read_boot_config
                0x0000000008008bb0       0x14 build/App/Src/bootloader/boot_config.o
                0x0000000008008bb0                read_boot_config
 .text.__NVIC_SystemReset
                0x0000000008008bc4       0x2c build/App/Src/bootloader/bootloader.o
 .text.bootloader_init
                0x0000000008008bf0       0x4c build/App/Src/bootloader/bootloader.o
                0x0000000008008bf0                bootloader_init
 .text.bootloader_get_state
                0x0000000008008c3c       0x14 build/App/Src/bootloader/bootloader.o
                0x0000000008008c3c                bootloader_get_state
 .text.bootloader_set_state
                0x0000000008008c50       0x40 build/App/Src/bootloader/bootloader.o
                0x0000000008008c50                bootloader_set_state
 .text.bootloader_run_state_machine
                0x0000000008008c90       0xd0 build/App/Src/bootloader/bootloader.o
                0x0000000008008c90                bootloader_run_state_machine
 .text.bootloader_jump_to_active_application
                0x0000000008008d60      0x1e8 build/App/Src/bootloader/bootloader.o
                0x0000000008008d60                bootloader_jump_to_active_application
 .text.validate_boot_environment
                0x0000000008008f48       0x8c build/App/Src/bootloader/bootloader.o
                0x0000000008008f48                validate_boot_environment
 .text.bootloader_verify_memory_aliasing
                0x0000000008008fd4       0x4e build/App/Src/bootloader/bootloader.o
 *fill*         0x0000000008009022        0x2 
 .text.bootloader_jump_to
                0x0000000008009024       0x84 build/App/Src/bootloader/bootloader.o
 .text.ota_init
                0x00000000080090a8       0x18 build/App/Src/ota/ota.o
                0x00000000080090a8                ota_init
 .text.ota_process_non_blocking
                0x00000000080090c0       0xb8 build/App/Src/ota/ota.o
                0x00000000080090c0                ota_process_non_blocking
 .text.handle_ota_command
                0x0000000008009178       0x78 build/App/Src/ota/ota.o
 .text.ota_finalize_and_verify
                0x00000000080091f0      0x148 build/App/Src/ota/ota.o
                0x00000000080091f0                ota_finalize_and_verify
 .text.ota_reset_timeout
                0x0000000008009338       0x18 build/App/Src/ota/ota.o
                0x0000000008009338                ota_reset_timeout
 .text.ota_send_response
                0x0000000008009350       0x4c build/App/Src/ota/ota.o
 .text.ota_check_timeout
                0x000000000800939c       0x40 build/App/Src/ota/ota.o
 .text.process_cmd_start
                0x00000000080093dc       0xb8 build/App/Src/ota/ota.o
 .text.handle_ota_header
                0x0000000008009494       0x8c build/App/Src/ota/ota.o
 .text.handle_ota_data
                0x0000000008009520       0xf0 build/App/Src/ota/ota.o
 .text.handle_ota_signature
                0x0000000008009610       0x54 build/App/Src/ota/ota.o
 .text.ota_protocol_parser_init
                0x0000000008009664       0x3e build/App/Src/ota/ota_protocol.o
                0x0000000008009664                ota_protocol_parser_init
 *fill*         0x00000000080096a2        0x2 
 .text.ota_protocol_parse_byte
                0x00000000080096a4      0x190 build/App/Src/ota/ota_protocol.o
                0x00000000080096a4                ota_protocol_parse_byte
 .text.ota_protocol_create_response
                0x0000000008009834       0xe2 build/App/Src/ota/ota_protocol.o
                0x0000000008009834                ota_protocol_create_response
 *fill*         0x0000000008009916        0x2 
 .text.ota_crypto_verify_signature
                0x0000000008009918       0xd8 build/App/Src/ota/ota_crypto.o
                0x0000000008009918                ota_crypto_verify_signature
 .text.mbedtls_platform_zeroize
                0x00000000080099f0       0x30 build/App/Src/ota/ota_crypto.o
                0x00000000080099f0                mbedtls_platform_zeroize
 .text.__NVIC_EnableIRQ
                0x0000000008009a20       0x38 build/Drivers/Src/uart.o
 .text.__NVIC_SetPriority
                0x0000000008009a58       0x54 build/Drivers/Src/uart.o
 .text.uart_init
                0x0000000008009aac       0xcc build/Drivers/Src/uart.o
                0x0000000008009aac                uart_init
 .text.uart_putc
                0x0000000008009b78       0x2c build/Drivers/Src/uart.o
                0x0000000008009b78                uart_putc
 .text.uart_getc
                0x0000000008009ba4       0x18 build/Drivers/Src/uart.o
                0x0000000008009ba4                uart_getc
 .text.uart_puts
                0x0000000008009bbc       0x2a build/Drivers/Src/uart.o
                0x0000000008009bbc                uart_puts
 .text.uart_printf
                0x0000000008009be6       0x4a build/Drivers/Src/uart.o
                0x0000000008009be6                uart_printf
 .text.ring_buffer_write
                0x0000000008009c30       0x54 build/Drivers/Src/uart.o
 .text.ring_buffer_read
                0x0000000008009c84       0x58 build/Drivers/Src/uart.o
 .text.USART6_IRQHandler
                0x0000000008009cdc       0x44 build/Drivers/Src/uart.o
                0x0000000008009cdc                USART6_IRQHandler
 .text.__NVIC_SetPriority
                0x0000000008009d20       0x54 build/Drivers/Src/systick.o
 .text.SysTick_Config
                0x0000000008009d74       0x44 build/Drivers/Src/systick.o
 .text.systick_init
                0x0000000008009db8       0x34 build/Drivers/Src/systick.o
                0x0000000008009db8                systick_init
 .text.get_systick
                0x0000000008009dec       0x14 build/Drivers/Src/systick.o
                0x0000000008009dec                get_systick
 .text.SysTick_Handler
                0x0000000008009e00       0x1c build/Drivers/Src/systick.o
                0x0000000008009e00                SysTick_Handler
 .text.SCB_InvalidateDCache
                0x0000000008009e1c       0x74 build/Drivers/Src/flash.o
 .text.SCB_CleanDCache
                0x0000000008009e90       0x74 build/Drivers/Src/flash.o
 .text.program_flash
                0x0000000008009f04       0x70 build/Drivers/Src/flash.o
                0x0000000008009f04                program_flash
 .text.erase_flash_sectors
                0x0000000008009f74      0x110 build/Drivers/Src/flash.o
                0x0000000008009f74                erase_flash_sectors
 .text.unlock_flash
                0x000000000800a084       0x2c build/Drivers/Src/flash.o
                0x000000000800a084                unlock_flash
 .text.lock_flash
                0x000000000800a0b0       0x1c build/Drivers/Src/flash.o
                0x000000000800a0b0                lock_flash
 .text.flash_prepare_for_write
                0x000000000800a0cc       0x38 build/Drivers/Src/flash.o
                0x000000000800a0cc                flash_prepare_for_write
 .text.clear_flash_errors
                0x000000000800a104       0x1c build/Drivers/Src/flash.o
                0x000000000800a104                clear_flash_errors
 .text.program_flash_word
                0x000000000800a120       0xbc build/Drivers/Src/flash.o
 .text.get_address_for_sector
                0x000000000800a1dc       0x2c build/Drivers/Src/flash.o
 .text.get_size_for_sectors
                0x000000000800a208       0x54 build/Drivers/Src/flash.o
 .text.led_init
                0x000000000800a25c       0x44 build/Drivers/Src/led.o
                0x000000000800a25c                led_init
 .text.led_on   0x000000000800a2a0       0x5c build/Drivers/Src/led.o
                0x000000000800a2a0                led_on
 .text.led_off  0x000000000800a2fc       0x60 build/Drivers/Src/led.o
                0x000000000800a2fc                led_off
 .text.__errno  0x000000000800a35c        0xc /opt/gcc-arm-none-eabi/bin/../lib/gcc/arm-none-eabi/10.3.1/../../../../arm-none-eabi/lib/thumb/v7e-m/nofp/libg.a(lib_a-errno.o)
                0x000000000800a35c                __errno
 .text.memcmp   0x000000000800a368       0x68 /opt/gcc-arm-none-eabi/bin/../lib/gcc/arm-none-eabi/10.3.1/../../../../arm-none-eabi/lib/thumb/v7e-m/nofp/libg.a(lib_a-memcmp.o)
                0x000000000800a368                memcmp
 .text.memmove  0x000000000800a3d0       0xf8 /opt/gcc-arm-none-eabi/bin/../lib/gcc/arm-none-eabi/10.3.1/../../../../arm-none-eabi/lib/thumb/v7e-m/nofp/libg.a(lib_a-memmove.o)
                0x000000000800a3d0                memmove
 .text.memset   0x000000000800a4c8       0xa4 /opt/gcc-arm-none-eabi/bin/../lib/gcc/arm-none-eabi/10.3.1/../../../../arm-none-eabi/lib/thumb/v7e-m/nofp/libg.a(lib_a-memset.o)
                0x000000000800a4c8                memset
 .text.snprintf
                0x000000000800a56c       0x88 /opt/gcc-arm-none-eabi/bin/../lib/gcc/arm-none-eabi/10.3.1/../../../../arm-none-eabi/lib/thumb/v7e-m/nofp/libg.a(lib_a-snprintf.o)
                0x000000000800a56c                snprintf
 .text.strchr   0x000000000800a5f4       0xcc /opt/gcc-arm-none-eabi/bin/../lib/gcc/arm-none-eabi/10.3.1/../../../../arm-none-eabi/lib/thumb/v7e-m/nofp/libg.a(lib_a-strchr.o)
                0x000000000800a5f4                strchr
 .text.strncpy  0x000000000800a6c0       0x64 /opt/gcc-arm-none-eabi/bin/../lib/gcc/arm-none-eabi/10.3.1/../../../../arm-none-eabi/lib/thumb/v7e-m/nofp/libg.a(lib_a-strncpy.o)
                0x000000000800a6c0                strncpy
 .text._strtol_l.part.0
                0x000000000800a724      0x120 /opt/gcc-arm-none-eabi/bin/../lib/gcc/arm-none-eabi/10.3.1/../../../../arm-none-eabi/lib/thumb/v7e-m/nofp/libg.a(lib_a-strtol.o)
 .text.strtol   0x000000000800a844       0x2c /opt/gcc-arm-none-eabi/bin/../lib/gcc/arm-none-eabi/10.3.1/../../../../arm-none-eabi/lib/thumb/v7e-m/nofp/libg.a(lib_a-strtol.o)
                0x000000000800a844                strtol
 .text._svfprintf_r
                0x000000000800a870     0x1a3c /opt/gcc-arm-none-eabi/bin/../lib/gcc/arm-none-eabi/10.3.1/../../../../arm-none-eabi/lib/thumb/v7e-m/nofp/libg.a(lib_a-svfprintf.o)
                0x000000000800a870                _svfprintf_r
 .text.vsnprintf
                0x000000000800c2ac       0x70 /opt/gcc-arm-none-eabi/bin/../lib/gcc/arm-none-eabi/10.3.1/../../../../arm-none-eabi/lib/thumb/v7e-m/nofp/libg.a(lib_a-vsnprintf.o)
                0x000000000800c2ac                vsnprintf
 .text.quorem   0x000000000800c31c      0x124 /opt/gcc-arm-none-eabi/bin/../lib/gcc/arm-none-eabi/10.3.1/../../../../arm-none-eabi/lib/thumb/v7e-m/nofp/libg.a(lib_a-dtoa.o)
 .text._dtoa_r  0x000000000800c440      0xec4 /opt/gcc-arm-none-eabi/bin/../lib/gcc/arm-none-eabi/10.3.1/../../../../arm-none-eabi/lib/thumb/v7e-m/nofp/libg.a(lib_a-dtoa.o)
                0x000000000800c440                _dtoa_r
 .text._malloc_trim_r
                0x000000000800d304       0xa0 /opt/gcc-arm-none-eabi/bin/../lib/gcc/arm-none-eabi/10.3.1/../../../../arm-none-eabi/lib/thumb/v7e-m/nofp/libg.a(lib_a-freer.o)
                0x000000000800d304                _malloc_trim_r
 .text._free_r  0x000000000800d3a4      0x20c /opt/gcc-arm-none-eabi/bin/../lib/gcc/arm-none-eabi/10.3.1/../../../../arm-none-eabi/lib/thumb/v7e-m/nofp/libg.a(lib_a-freer.o)
                0x000000000800d3a4                _free_r
 .text._localeconv_r
                0x000000000800d5b0        0x8 /opt/gcc-arm-none-eabi/bin/../lib/gcc/arm-none-eabi/10.3.1/../../../../arm-none-eabi/lib/thumb/v7e-m/nofp/libg.a(lib_a-localeconv.o)
                0x000000000800d5b0                _localeconv_r
 .text.__retarget_lock_init_recursive
                0x000000000800d5b8        0x4 /opt/gcc-arm-none-eabi/bin/../lib/gcc/arm-none-eabi/10.3.1/../../../../arm-none-eabi/lib/thumb/v7e-m/nofp/libg.a(lib_a-lock.o)
                0x000000000800d5b8                __retarget_lock_init_recursive
 .text.__retarget_lock_close_recursive
                0x000000000800d5bc        0x4 /opt/gcc-arm-none-eabi/bin/../lib/gcc/arm-none-eabi/10.3.1/../../../../arm-none-eabi/lib/thumb/v7e-m/nofp/libg.a(lib_a-lock.o)
                0x000000000800d5bc                __retarget_lock_close_recursive
 .text.__retarget_lock_acquire_recursive
                0x000000000800d5c0        0x4 /opt/gcc-arm-none-eabi/bin/../lib/gcc/arm-none-eabi/10.3.1/../../../../arm-none-eabi/lib/thumb/v7e-m/nofp/libg.a(lib_a-lock.o)
                0x000000000800d5c0                __retarget_lock_acquire_recursive
 .text.__retarget_lock_release_recursive
                0x000000000800d5c4        0x4 /opt/gcc-arm-none-eabi/bin/../lib/gcc/arm-none-eabi/10.3.1/../../../../arm-none-eabi/lib/thumb/v7e-m/nofp/libg.a(lib_a-lock.o)
                0x000000000800d5c4                __retarget_lock_release_recursive
 .text._malloc_r
                0x000000000800d5c8      0x560 /opt/gcc-arm-none-eabi/bin/../lib/gcc/arm-none-eabi/10.3.1/../../../../arm-none-eabi/lib/thumb/v7e-m/nofp/libg.a(lib_a-mallocr.o)
                0x000000000800d5c8                _malloc_r
 .text.__malloc_lock
                0x000000000800db28        0xc /opt/gcc-arm-none-eabi/bin/../lib/gcc/arm-none-eabi/10.3.1/../../../../arm-none-eabi/lib/thumb/v7e-m/nofp/libg.a(lib_a-mlock.o)
                0x000000000800db28                __malloc_lock
 .text.__malloc_unlock
                0x000000000800db34        0xc /opt/gcc-arm-none-eabi/bin/../lib/gcc/arm-none-eabi/10.3.1/../../../../arm-none-eabi/lib/thumb/v7e-m/nofp/libg.a(lib_a-mlock.o)
                0x000000000800db34                __malloc_unlock
 .text._Balloc  0x000000000800db40       0x4c /opt/gcc-arm-none-eabi/bin/../lib/gcc/arm-none-eabi/10.3.1/../../../../arm-none-eabi/lib/thumb/v7e-m/nofp/libg.a(lib_a-mprec.o)
                0x000000000800db40                _Balloc
 .text._Bfree   0x000000000800db8c       0x14 /opt/gcc-arm-none-eabi/bin/../lib/gcc/arm-none-eabi/10.3.1/../../../../arm-none-eabi/lib/thumb/v7e-m/nofp/libg.a(lib_a-mprec.o)
                0x000000000800db8c                _Bfree
 .text.__multadd
                0x000000000800dba0       0xa0 /opt/gcc-arm-none-eabi/bin/../lib/gcc/arm-none-eabi/10.3.1/../../../../arm-none-eabi/lib/thumb/v7e-m/nofp/libg.a(lib_a-mprec.o)
                0x000000000800dba0                __multadd
 .text.__hi0bits
                0x000000000800dc40       0x40 /opt/gcc-arm-none-eabi/bin/../lib/gcc/arm-none-eabi/10.3.1/../../../../arm-none-eabi/lib/thumb/v7e-m/nofp/libg.a(lib_a-mprec.o)
                0x000000000800dc40                __hi0bits
 .text.__lo0bits
                0x000000000800dc80       0x5c /opt/gcc-arm-none-eabi/bin/../lib/gcc/arm-none-eabi/10.3.1/../../../../arm-none-eabi/lib/thumb/v7e-m/nofp/libg.a(lib_a-mprec.o)
                0x000000000800dc80                __lo0bits
 .text.__i2b    0x000000000800dcdc       0x5c /opt/gcc-arm-none-eabi/bin/../lib/gcc/arm-none-eabi/10.3.1/../../../../arm-none-eabi/lib/thumb/v7e-m/nofp/libg.a(lib_a-mprec.o)
                0x000000000800dcdc                __i2b
 .text.__multiply
                0x000000000800dd38      0x15c /opt/gcc-arm-none-eabi/bin/../lib/gcc/arm-none-eabi/10.3.1/../../../../arm-none-eabi/lib/thumb/v7e-m/nofp/libg.a(lib_a-mprec.o)
                0x000000000800dd38                __multiply
 .text.__pow5mult
                0x000000000800de94       0xc0 /opt/gcc-arm-none-eabi/bin/../lib/gcc/arm-none-eabi/10.3.1/../../../../arm-none-eabi/lib/thumb/v7e-m/nofp/libg.a(lib_a-mprec.o)
                0x000000000800de94                __pow5mult
 .text.__lshift
                0x000000000800df54       0xf0 /opt/gcc-arm-none-eabi/bin/../lib/gcc/arm-none-eabi/10.3.1/../../../../arm-none-eabi/lib/thumb/v7e-m/nofp/libg.a(lib_a-mprec.o)
                0x000000000800df54                __lshift
 .text.__mcmp   0x000000000800e044       0x40 /opt/gcc-arm-none-eabi/bin/../lib/gcc/arm-none-eabi/10.3.1/../../../../arm-none-eabi/lib/thumb/v7e-m/nofp/libg.a(lib_a-mprec.o)
                0x000000000800e044                __mcmp
 .text.__mdiff  0x000000000800e084      0x14c /opt/gcc-arm-none-eabi/bin/../lib/gcc/arm-none-eabi/10.3.1/../../../../arm-none-eabi/lib/thumb/v7e-m/nofp/libg.a(lib_a-mprec.o)
                0x000000000800e084                __mdiff
 .text.__d2b    0x000000000800e1d0       0xc4 /opt/gcc-arm-none-eabi/bin/../lib/gcc/arm-none-eabi/10.3.1/../../../../arm-none-eabi/lib/thumb/v7e-m/nofp/libg.a(lib_a-mprec.o)
                0x000000000800e1d0                __d2b
 .text.frexp    0x000000000800e294       0x70 /opt/gcc-arm-none-eabi/bin/../lib/gcc/arm-none-eabi/10.3.1/../../../../arm-none-eabi/lib/thumb/v7e-m/nofp/libg.a(lib_a-s_frexp.o)
                0x000000000800e294                frexp
 .text.__ssprint_r
                0x000000000800e304       0xf8 /opt/gcc-arm-none-eabi/bin/../lib/gcc/arm-none-eabi/10.3.1/../../../../arm-none-eabi/lib/thumb/v7e-m/nofp/libg.a(lib_a-svfiprintf.o)
                0x000000000800e304                __ssprint_r
 .text.__assert_func
                0x000000000800e3fc       0x40 /opt/gcc-arm-none-eabi/bin/../lib/gcc/arm-none-eabi/10.3.1/../../../../arm-none-eabi/lib/thumb/v7e-m/nofp/libg.a(lib_a-assert.o)
                0x000000000800e3fc                __assert_func
 .text._calloc_r
                0x000000000800e43c       0x78 /opt/gcc-arm-none-eabi/bin/../lib/gcc/arm-none-eabi/10.3.1/../../../../arm-none-eabi/lib/thumb/v7e-m/nofp/libg.a(lib_a-callocr.o)
                0x000000000800e43c                _calloc_r
 .text.fiprintf
                0x000000000800e4b4       0x28 /opt/gcc-arm-none-eabi/bin/../lib/gcc/arm-none-eabi/10.3.1/../../../../arm-none-eabi/lib/thumb/v7e-m/nofp/libg.a(lib_a-fiprintf.o)
                0x000000000800e4b4                fiprintf
 .text.__locale_mb_cur_max
                0x000000000800e4dc        0xc /opt/gcc-arm-none-eabi/bin/../lib/gcc/arm-none-eabi/10.3.1/../../../../arm-none-eabi/lib/thumb/v7e-m/nofp/libg.a(lib_a-locale.o)
                0x000000000800e4dc                __locale_mb_cur_max
 .text.__ascii_mbtowc
                0x000000000800e4e8       0x2c /opt/gcc-arm-none-eabi/bin/../lib/gcc/arm-none-eabi/10.3.1/../../../../arm-none-eabi/lib/thumb/v7e-m/nofp/libg.a(lib_a-mbtowc_r.o)
                0x000000000800e4e8                __ascii_mbtowc
 .text._realloc_r
                0x000000000800e514      0x3d8 /opt/gcc-arm-none-eabi/bin/../lib/gcc/arm-none-eabi/10.3.1/../../../../arm-none-eabi/lib/thumb/v7e-m/nofp/libg.a(lib_a-reallocr.o)
                0x000000000800e514                _realloc_r
 .text.__sprint_r.part.0
                0x000000000800e8ec       0x78 /opt/gcc-arm-none-eabi/bin/../lib/gcc/arm-none-eabi/10.3.1/../../../../arm-none-eabi/lib/thumb/v7e-m/nofp/libg.a(lib_a-vfiprintf.o)
 .text._vfiprintf_r
                0x000000000800e964      0xda0 /opt/gcc-arm-none-eabi/bin/../lib/gcc/arm-none-eabi/10.3.1/../../../../arm-none-eabi/lib/thumb/v7e-m/nofp/libg.a(lib_a-vfiprintf.o)
                0x000000000800e964                _vfiprintf_r
 .text.__sbprintf
                0x000000000800f704       0x80 /opt/gcc-arm-none-eabi/bin/../lib/gcc/arm-none-eabi/10.3.1/../../../../arm-none-eabi/lib/thumb/v7e-m/nofp/libg.a(lib_a-vfiprintf.o)
 .text.__ascii_wctomb
                0x000000000800f784       0x1c /opt/gcc-arm-none-eabi/bin/../lib/gcc/arm-none-eabi/10.3.1/../../../../arm-none-eabi/lib/thumb/v7e-m/nofp/libg.a(lib_a-wctomb_r.o)
                0x000000000800f784                __ascii_wctomb
 .text.__swsetup_r
                0x000000000800f7a0       0xd4 /opt/gcc-arm-none-eabi/bin/../lib/gcc/arm-none-eabi/10.3.1/../../../../arm-none-eabi/lib/thumb/v7e-m/nofp/libg.a(lib_a-wsetup.o)
                0x000000000800f7a0                __swsetup_r
 .text.abort    0x000000000800f874       0x10 /opt/gcc-arm-none-eabi/bin/../lib/gcc/arm-none-eabi/10.3.1/../../../../arm-none-eabi/lib/thumb/v7e-m/nofp/libg.a(lib_a-abort.o)
                0x000000000800f874                abort
 .text.__sflush_r
                0x000000000800f884      0x120 /opt/gcc-arm-none-eabi/bin/../lib/gcc/arm-none-eabi/10.3.1/../../../../arm-none-eabi/lib/thumb/v7e-m/nofp/libg.a(lib_a-fflush.o)
                0x000000000800f884                __sflush_r
 .text._fflush_r
                0x000000000800f9a4       0x5c /opt/gcc-arm-none-eabi/bin/../lib/gcc/arm-none-eabi/10.3.1/../../../../arm-none-eabi/lib/thumb/v7e-m/nofp/libg.a(lib_a-fflush.o)
                0x000000000800f9a4                _fflush_r
 .text._cleanup_r
                0x000000000800fa00        0xc /opt/gcc-arm-none-eabi/bin/../lib/gcc/arm-none-eabi/10.3.1/../../../../arm-none-eabi/lib/thumb/v7e-m/nofp/libg.a(lib_a-findfp.o)
                0x000000000800fa00                _cleanup_r
 .text.__sinit  0x000000000800fa0c      0x10c /opt/gcc-arm-none-eabi/bin/../lib/gcc/arm-none-eabi/10.3.1/../../../../arm-none-eabi/lib/thumb/v7e-m/nofp/libg.a(lib_a-findfp.o)
                0x000000000800fa0c                __sinit
 .text.__sfp_lock_acquire
                0x000000000800fb18        0xc /opt/gcc-arm-none-eabi/bin/../lib/gcc/arm-none-eabi/10.3.1/../../../../arm-none-eabi/lib/thumb/v7e-m/nofp/libg.a(lib_a-findfp.o)
                0x000000000800fb18                __sfp_lock_acquire
 .text.__sfp_lock_release
                0x000000000800fb24        0xc /opt/gcc-arm-none-eabi/bin/../lib/gcc/arm-none-eabi/10.3.1/../../../../arm-none-eabi/lib/thumb/v7e-m/nofp/libg.a(lib_a-findfp.o)
                0x000000000800fb24                __sfp_lock_release
 .text.__fputwc
                0x000000000800fb30       0xa8 /opt/gcc-arm-none-eabi/bin/../lib/gcc/arm-none-eabi/10.3.1/../../../../arm-none-eabi/lib/thumb/v7e-m/nofp/libg.a(lib_a-fputwc.o)
                0x000000000800fb30                __fputwc
 .text._fputwc_r
                0x000000000800fbd8       0x68 /opt/gcc-arm-none-eabi/bin/../lib/gcc/arm-none-eabi/10.3.1/../../../../arm-none-eabi/lib/thumb/v7e-m/nofp/libg.a(lib_a-fputwc.o)
                0x000000000800fbd8                _fputwc_r
 .text.__sfvwrite_r
                0x000000000800fc40      0x2e8 /opt/gcc-arm-none-eabi/bin/../lib/gcc/arm-none-eabi/10.3.1/../../../../arm-none-eabi/lib/thumb/v7e-m/nofp/libg.a(lib_a-fvwrite.o)
                0x000000000800fc40                __sfvwrite_r
 .text._fwalk_reent
                0x000000000800ff28       0x48 /opt/gcc-arm-none-eabi/bin/../lib/gcc/arm-none-eabi/10.3.1/../../../../arm-none-eabi/lib/thumb/v7e-m/nofp/libg.a(lib_a-fwalk.o)
                0x000000000800ff28                _fwalk_reent
 .text.__smakebuf_r
                0x000000000800ff70       0xe0 /opt/gcc-arm-none-eabi/bin/../lib/gcc/arm-none-eabi/10.3.1/../../../../arm-none-eabi/lib/thumb/v7e-m/nofp/libg.a(lib_a-makebuf.o)
                0x000000000800ff70                __smakebuf_r
 .text.raise    0x0000000008010050       0x5c /opt/gcc-arm-none-eabi/bin/../lib/gcc/arm-none-eabi/10.3.1/../../../../arm-none-eabi/lib/thumb/v7e-m/nofp/libg.a(lib_a-signal.o)
                0x0000000008010050                raise
 .text._kill_r  0x00000000080100ac       0x2c /opt/gcc-arm-none-eabi/bin/../lib/gcc/arm-none-eabi/10.3.1/../../../../arm-none-eabi/lib/thumb/v7e-m/nofp/libg.a(lib_a-signalr.o)
                0x00000000080100ac                _kill_r
 .text._getpid_r
                0x00000000080100d8        0x4 /opt/gcc-arm-none-eabi/bin/../lib/gcc/arm-none-eabi/10.3.1/../../../../arm-none-eabi/lib/thumb/v7e-m/nofp/libg.a(lib_a-signalr.o)
                0x00000000080100d8                _getpid_r
 .text.__sread  0x00000000080100dc       0x24 /opt/gcc-arm-none-eabi/bin/../lib/gcc/arm-none-eabi/10.3.1/../../../../arm-none-eabi/lib/thumb/v7e-m/nofp/libg.a(lib_a-stdio.o)
                0x00000000080100dc                __sread
 .text.__swrite
                0x0000000008010100       0x40 /opt/gcc-arm-none-eabi/bin/../lib/gcc/arm-none-eabi/10.3.1/../../../../arm-none-eabi/lib/thumb/v7e-m/nofp/libg.a(lib_a-stdio.o)
                0x0000000008010100                __swrite
 .text.__sseek  0x0000000008010140       0x20 /opt/gcc-arm-none-eabi/bin/../lib/gcc/arm-none-eabi/10.3.1/../../../../arm-none-eabi/lib/thumb/v7e-m/nofp/libg.a(lib_a-stdio.o)
                0x0000000008010140                __sseek
 .text.__sclose
                0x0000000008010160        0x8 /opt/gcc-arm-none-eabi/bin/../lib/gcc/arm-none-eabi/10.3.1/../../../../arm-none-eabi/lib/thumb/v7e-m/nofp/libg.a(lib_a-stdio.o)
                0x0000000008010160                __sclose
 .text.__swbuf_r
                0x0000000008010168       0xb0 /opt/gcc-arm-none-eabi/bin/../lib/gcc/arm-none-eabi/10.3.1/../../../../arm-none-eabi/lib/thumb/v7e-m/nofp/libg.a(lib_a-wbuf.o)
                0x0000000008010168                __swbuf_r
 .text._wcrtomb_r
                0x0000000008010218       0x3c /opt/gcc-arm-none-eabi/bin/../lib/gcc/arm-none-eabi/10.3.1/../../../../arm-none-eabi/lib/thumb/v7e-m/nofp/libg.a(lib_a-wcrtomb.o)
                0x0000000008010218                _wcrtomb_r
 .text._write_r
                0x0000000008010254       0x2c /opt/gcc-arm-none-eabi/bin/../lib/gcc/arm-none-eabi/10.3.1/../../../../arm-none-eabi/lib/thumb/v7e-m/nofp/libg.a(lib_a-writer.o)
                0x0000000008010254                _write_r
 .text._close_r
                0x0000000008010280       0x24 /opt/gcc-arm-none-eabi/bin/../lib/gcc/arm-none-eabi/10.3.1/../../../../arm-none-eabi/lib/thumb/v7e-m/nofp/libg.a(lib_a-closer.o)
                0x0000000008010280                _close_r
 .text._fclose_r
                0x00000000080102a4       0xcc /opt/gcc-arm-none-eabi/bin/../lib/gcc/arm-none-eabi/10.3.1/../../../../arm-none-eabi/lib/thumb/v7e-m/nofp/libg.a(lib_a-fclose.o)
                0x00000000080102a4                _fclose_r
 .text._fstat_r
                0x0000000008010370       0x2c /opt/gcc-arm-none-eabi/bin/../lib/gcc/arm-none-eabi/10.3.1/../../../../arm-none-eabi/lib/thumb/v7e-m/nofp/libg.a(lib_a-fstatr.o)
                0x0000000008010370                _fstat_r
 .text._isatty_r
                0x000000000801039c       0x24 /opt/gcc-arm-none-eabi/bin/../lib/gcc/arm-none-eabi/10.3.1/../../../../arm-none-eabi/lib/thumb/v7e-m/nofp/libg.a(lib_a-isattyr.o)
                0x000000000801039c                _isatty_r
 .text._lseek_r
                0x00000000080103c0       0x2c /opt/gcc-arm-none-eabi/bin/../lib/gcc/arm-none-eabi/10.3.1/../../../../arm-none-eabi/lib/thumb/v7e-m/nofp/libg.a(lib_a-lseekr.o)
                0x00000000080103c0                _lseek_r
 .text._read_r  0x00000000080103ec       0x2c /opt/gcc-arm-none-eabi/bin/../lib/gcc/arm-none-eabi/10.3.1/../../../../arm-none-eabi/lib/thumb/v7e-m/nofp/libg.a(lib_a-readr.o)
                0x00000000080103ec                _read_r
 *(.rodata)
 .rodata        0x0000000008010418       0xb1 build/Core/Src/main.o
 *fill*         0x00000000080104c9        0x3 
 .rodata        0x00000000080104cc      0x503 build/App/Src/cli/cli.o
 *fill*         0x00000000080109cf        0x1 
 .rodata        0x00000000080109d0       0x59 build/App/Src/common/logger.o
 *fill*         0x0000000008010a29        0x3 
 .rodata        0x0000000008010a2c       0xad build/App/Src/bootloader/boot_config.o
 *fill*         0x0000000008010ad9        0x3 
 .rodata        0x0000000008010adc      0x36c build/App/Src/bootloader/bootloader.o
 .rodata        0x0000000008010e48      0x298 build/App/Src/ota/ota.o
 .rodata        0x00000000080110e0       0x46 build/Drivers/Src/flash.o
 *fill*         0x0000000008011126        0x2 
 .rodata        0x0000000008011128        0xc lib/mbedtls/build/library/libmbedcrypto.a(pk.c.obj)
 .rodata        0x0000000008011134       0x90 lib/mbedtls/build/library/libmbedcrypto.a(pk_wrap.c.obj)
                0x0000000008011134                mbedtls_ecdsa_info
                0x0000000008011164                mbedtls_eckeydh_info
                0x0000000008011194                mbedtls_eckey_info
 .rodata        0x00000000080111c4      0x100 lib/mbedtls/build/library/libmbedcrypto.a(sha256.c.obj)
 .rodata        0x00000000080112c4       0x18 lib/mbedtls/build/library/libmbedcrypto.a(ecp.c.obj)
 .rodata        0x00000000080112dc      0x624 lib/mbedtls/build/library/libmbedcrypto.a(ecp_curves.c.obj)
 .rodata        0x0000000008011900       0x1c lib/mbedtls/build/library/libmbedcrypto.a(md.c.obj)
 .rodata        0x000000000801191c      0x3ed lib/mbedtls/build/library/libmbedcrypto.a(oid.c.obj)
 *(.rodata*)
 *fill*         0x0000000008011d09        0x3 
 .rodata.g_full_commands
                0x0000000008011d0c       0x6c build/App/Src/cli/cli.o
 .rodata.g_recovery_commands
                0x0000000008011d78       0x30 build/App/Src/cli/cli.o
 .rodata.pubkey_der
                0x0000000008011da8       0x5b build/App/Src/ota/ota_crypto.o
 *fill*         0x0000000008011e03        0x1 
 .rodata.sector_map
                0x0000000008011e04       0x60 build/Drivers/Src/flash.o
 .rodata.str1.1
                0x0000000008011e64        0xb lib/mbedtls/build/library/libmbedcrypto.a(pk.c.obj)
 .rodata.str1.1
                0x0000000008011e6f       0x17 lib/mbedtls/build/library/libmbedcrypto.a(pk_wrap.c.obj)
 .rodata.str1.1
                0x0000000008011e86        0x8 lib/mbedtls/build/library/libmbedcrypto.a(pkparse.c.obj)
 .rodata.str1.1
                0x0000000008011e8e       0x11 lib/mbedtls/build/library/libmbedcrypto.a(bignum.c.obj)
 .rodata.str1.1
                0x0000000008011e9f        0xa lib/mbedtls/build/library/libmbedcrypto.a(ecp.c.obj)
 .rodata.str1.1
                0x0000000008011ea9        0xa lib/mbedtls/build/library/libmbedcrypto.a(md.c.obj)
                                          0x7 (size before relaxing)
 .rodata.str1.1
                0x0000000008011ea9      0x68b lib/mbedtls/build/library/libmbedcrypto.a(oid.c.obj)
                                        0x721 (size before relaxing)
 .rodata._ctype_
                0x0000000008012534      0x101 /opt/gcc-arm-none-eabi/bin/../lib/gcc/arm-none-eabi/10.3.1/../../../../arm-none-eabi/lib/thumb/v7e-m/nofp/libg.a(lib_a-ctype_.o)
                0x0000000008012534                _ctype_
 *fill*         0x0000000008012635        0x3 
 .rodata._svfprintf_r.str1.4
                0x0000000008012638       0x42 /opt/gcc-arm-none-eabi/bin/../lib/gcc/arm-none-eabi/10.3.1/../../../../arm-none-eabi/lib/thumb/v7e-m/nofp/libg.a(lib_a-svfprintf.o)
 *fill*         0x000000000801267a        0x2 
 .rodata.blanks.1
                0x000000000801267c       0x10 /opt/gcc-arm-none-eabi/bin/../lib/gcc/arm-none-eabi/10.3.1/../../../../arm-none-eabi/lib/thumb/v7e-m/nofp/libg.a(lib_a-svfprintf.o)
 .rodata.zeroes.0
                0x000000000801268c       0x10 /opt/gcc-arm-none-eabi/bin/../lib/gcc/arm-none-eabi/10.3.1/../../../../arm-none-eabi/lib/thumb/v7e-m/nofp/libg.a(lib_a-svfprintf.o)
 .rodata._dtoa_r.str1.4
                0x000000000801269c       0xa2 /opt/gcc-arm-none-eabi/bin/../lib/gcc/arm-none-eabi/10.3.1/../../../../arm-none-eabi/lib/thumb/v7e-m/nofp/libg.a(lib_a-dtoa.o)
                                         0xa6 (size before relaxing)
 *fill*         0x000000000801273e        0x2 
 .rodata.__multadd.str1.4
                0x0000000008012740       0x7f /opt/gcc-arm-none-eabi/bin/../lib/gcc/arm-none-eabi/10.3.1/../../../../arm-none-eabi/lib/thumb/v7e-m/nofp/libg.a(lib_a-mprec.o)
                                         0x93 (size before relaxing)
 *fill*         0x00000000080127bf        0x1 
 .rodata.__mprec_bigtens
                0x00000000080127c0       0x28 /opt/gcc-arm-none-eabi/bin/../lib/gcc/arm-none-eabi/10.3.1/../../../../arm-none-eabi/lib/thumb/v7e-m/nofp/libg.a(lib_a-mprec.o)
                0x00000000080127c0                __mprec_bigtens
 .rodata.__mprec_tens
                0x00000000080127e8       0xc8 /opt/gcc-arm-none-eabi/bin/../lib/gcc/arm-none-eabi/10.3.1/../../../../arm-none-eabi/lib/thumb/v7e-m/nofp/libg.a(lib_a-mprec.o)
                0x00000000080127e8                __mprec_tens
 .rodata.p05.0  0x00000000080128b0        0xc /opt/gcc-arm-none-eabi/bin/../lib/gcc/arm-none-eabi/10.3.1/../../../../arm-none-eabi/lib/thumb/v7e-m/nofp/libg.a(lib_a-mprec.o)
 .rodata.__assert_func.str1.4
                0x00000000080128bc       0x3f /opt/gcc-arm-none-eabi/bin/../lib/gcc/arm-none-eabi/10.3.1/../../../../arm-none-eabi/lib/thumb/v7e-m/nofp/libg.a(lib_a-assert.o)
                                         0x43 (size before relaxing)
 *fill*         0x00000000080128fb        0x1 
 .rodata._setlocale_r.str1.4
                0x00000000080128fc        0xa /opt/gcc-arm-none-eabi/bin/../lib/gcc/arm-none-eabi/10.3.1/../../../../arm-none-eabi/lib/thumb/v7e-m/nofp/libg.a(lib_a-locale.o)
                                          0xd (size before relaxing)
 *fill*         0x0000000008012906        0x2 
 .rodata.str1.4
                0x0000000008012908        0x2 /opt/gcc-arm-none-eabi/bin/../lib/gcc/arm-none-eabi/10.3.1/../../../../arm-none-eabi/lib/thumb/v7e-m/nofp/libg.a(lib_a-locale.o)
 .rodata._vfiprintf_r.str1.4
                0x000000000801290a       0x2f /opt/gcc-arm-none-eabi/bin/../lib/gcc/arm-none-eabi/10.3.1/../../../../arm-none-eabi/lib/thumb/v7e-m/nofp/libg.a(lib_a-vfiprintf.o)
 *fill*         0x000000000801290a        0x2 
 .rodata.blanks.1
                0x000000000801290c       0x10 /opt/gcc-arm-none-eabi/bin/../lib/gcc/arm-none-eabi/10.3.1/../../../../arm-none-eabi/lib/thumb/v7e-m/nofp/libg.a(lib_a-vfiprintf.o)
 .rodata.zeroes.0
                0x000000000801291c       0x10 /opt/gcc-arm-none-eabi/bin/../lib/gcc/arm-none-eabi/10.3.1/../../../../arm-none-eabi/lib/thumb/v7e-m/nofp/libg.a(lib_a-vfiprintf.o)
                0x000000000801292c                . = ALIGN (0x4)
                0x000000000801292c                _etext = .
                0x000000000801292c                _sidata = .

.glue_7         0x000000000801292c        0x0
 .glue_7        0x000000000801292c        0x0 linker stubs

.glue_7t        0x000000000801292c        0x0
 .glue_7t       0x000000000801292c        0x0 linker stubs

.vfp11_veneer   0x000000000801292c        0x0
 .vfp11_veneer  0x000000000801292c        0x0 linker stubs

.v4_bx          0x000000000801292c        0x0
 .v4_bx         0x000000000801292c        0x0 linker stubs

.init           0x000000000801292c        0x4
 .init          0x000000000801292c        0x4 /opt/gcc-arm-none-eabi/bin/../lib/gcc/arm-none-eabi/10.3.1/thumb/v7e-m/nofp/crti.o
                0x000000000801292c                _init

.fini           0x0000000008012930        0x4
 .fini          0x0000000008012930        0x4 /opt/gcc-arm-none-eabi/bin/../lib/gcc/arm-none-eabi/10.3.1/thumb/v7e-m/nofp/crti.o
                0x0000000008012930                _fini

.iplt           0x0000000008012934        0x0
 .iplt          0x0000000008012934        0x0 build/Core/Src/syscalls.o

.rel.dyn        0x0000000008012934        0x0
 .rel.iplt      0x0000000008012934        0x0 build/Core/Src/syscalls.o

.ARM.exidx      0x0000000008012934        0x8
 .ARM.exidx     0x0000000008012934        0x8 /opt/gcc-arm-none-eabi/bin/../lib/gcc/arm-none-eabi/10.3.1/thumb/v7e-m/nofp/libgcc.a(_udivmoddi4.o)

.bootloader_config
                0x000000000801293c        0x0
                0x000000000801293c                . = ALIGN (0x4)
                0x000000000801293c                _sboot_config = .
 *(.bootloader_config)
                0x000000000801293c                . = ALIGN (0x4)
                0x000000000801293c                _eboot_config = .

.data           0x0000000020020000      0x9b4 load address 0x000000000801293c
                0x0000000020020000                . = ALIGN (0x4)
                0x0000000020020000                _sdata = .
 *(.data)
 .data          0x0000000020020000        0x8 lib/mbedtls/build/library/libmbedcrypto.a(platform.c.obj)
 *(.data*)
 .data._impure_ptr
                0x0000000020020008        0x4 /opt/gcc-arm-none-eabi/bin/../lib/gcc/arm-none-eabi/10.3.1/../../../../arm-none-eabi/lib/thumb/v7e-m/nofp/libg.a(lib_a-impure.o)
                0x0000000020020008                _impure_ptr
 *fill*         0x000000002002000c        0x4 
 .data.impure_data
                0x0000000020020010      0x428 /opt/gcc-arm-none-eabi/bin/../lib/gcc/arm-none-eabi/10.3.1/../../../../arm-none-eabi/lib/thumb/v7e-m/nofp/libg.a(lib_a-impure.o)
 .data.__malloc_av_
                0x0000000020020438      0x408 /opt/gcc-arm-none-eabi/bin/../lib/gcc/arm-none-eabi/10.3.1/../../../../arm-none-eabi/lib/thumb/v7e-m/nofp/libg.a(lib_a-mallocr.o)
                0x0000000020020438                __malloc_av_
 .data.__malloc_sbrk_base
                0x0000000020020840        0x4 /opt/gcc-arm-none-eabi/bin/../lib/gcc/arm-none-eabi/10.3.1/../../../../arm-none-eabi/lib/thumb/v7e-m/nofp/libg.a(lib_a-mallocr.o)
                0x0000000020020840                __malloc_sbrk_base
 .data.__malloc_trim_threshold
                0x0000000020020844        0x4 /opt/gcc-arm-none-eabi/bin/../lib/gcc/arm-none-eabi/10.3.1/../../../../arm-none-eabi/lib/thumb/v7e-m/nofp/libg.a(lib_a-mallocr.o)
                0x0000000020020844                __malloc_trim_threshold
 .data.__global_locale
                0x0000000020020848      0x16c /opt/gcc-arm-none-eabi/bin/../lib/gcc/arm-none-eabi/10.3.1/../../../../arm-none-eabi/lib/thumb/v7e-m/nofp/libg.a(lib_a-locale.o)
                0x0000000020020848                __global_locale
                0x00000000200209b4                . = ALIGN (0x4)
                0x00000000200209b4                _edata = .

.igot.plt       0x00000000200209b4        0x0 load address 0x00000000080132f0
 .igot.plt      0x00000000200209b4        0x0 build/Core/Src/syscalls.o

.bss            0x00000000200209b4      0x4d4 load address 0x00000000080132f0
                0x00000000200209b4                . = ALIGN (0x4)
                0x00000000200209b4                _sbss = .
 *(.bss)
 .bss           0x00000000200209b4        0x6 lib/mbedtls/build/library/libmbedcrypto.a(ecp.c.obj)
 *(.bss*)
 *fill*         0x00000000200209ba        0x2 
 .bss.heap_ptr  0x00000000200209bc        0x4 build/Core/Src/syscalls.o
 .bss.buffer_index.1
                0x00000000200209c0        0x4 build/App/Src/cli/cli.o
 .bss.cmd_buffer.0
                0x00000000200209c4       0x40 build/App/Src/cli/cli.o
 .bss.current_state
                0x0000000020020a04        0x1 build/App/Src/bootloader/bootloader.o
 .bss.error_indicated.0
                0x0000000020020a05        0x1 build/App/Src/bootloader/bootloader.o
 *fill*         0x0000000020020a06        0x2 
 .bss.ota_last_byte_timestamp
                0x0000000020020a08        0x4 build/App/Src/ota/ota.o
 .bss.ota_session
                0x0000000020020a0c      0x21c build/App/Src/ota/ota.o
 .bss.ota_parser
                0x0000000020020c28      0x114 build/App/Src/ota/ota.o
 .bss.rx_buffer
                0x0000000020020d3c      0x104 build/Drivers/Src/uart.o
 .bss.systick_ms_counter
                0x0000000020020e40        0x4 build/Drivers/Src/systick.o
 .bss.__lock___malloc_recursive_mutex
                0x0000000020020e44        0x1 /opt/gcc-arm-none-eabi/bin/../lib/gcc/arm-none-eabi/10.3.1/../../../../arm-none-eabi/lib/thumb/v7e-m/nofp/libg.a(lib_a-lock.o)
                0x0000000020020e44                __lock___malloc_recursive_mutex
 *fill*         0x0000000020020e45        0x3 
 .bss.__lock___sfp_recursive_mutex
                0x0000000020020e48        0x1 /opt/gcc-arm-none-eabi/bin/../lib/gcc/arm-none-eabi/10.3.1/../../../../arm-none-eabi/lib/thumb/v7e-m/nofp/libg.a(lib_a-lock.o)
                0x0000000020020e48                __lock___sfp_recursive_mutex
 *fill*         0x0000000020020e49        0x3 
 .bss.__lock___sinit_recursive_mutex
                0x0000000020020e4c        0x1 /opt/gcc-arm-none-eabi/bin/../lib/gcc/arm-none-eabi/10.3.1/../../../../arm-none-eabi/lib/thumb/v7e-m/nofp/libg.a(lib_a-lock.o)
                0x0000000020020e4c                __lock___sinit_recursive_mutex
 *fill*         0x0000000020020e4d        0x3 
 .bss.__malloc_current_mallinfo
                0x0000000020020e50       0x28 /opt/gcc-arm-none-eabi/bin/../lib/gcc/arm-none-eabi/10.3.1/../../../../arm-none-eabi/lib/thumb/v7e-m/nofp/libg.a(lib_a-mallocr.o)
                0x0000000020020e50                __malloc_current_mallinfo
 .bss.__malloc_max_sbrked_mem
                0x0000000020020e78        0x4 /opt/gcc-arm-none-eabi/bin/../lib/gcc/arm-none-eabi/10.3.1/../../../../arm-none-eabi/lib/thumb/v7e-m/nofp/libg.a(lib_a-mallocr.o)
                0x0000000020020e78                __malloc_max_sbrked_mem
 .bss.__malloc_max_total_mem
                0x0000000020020e7c        0x4 /opt/gcc-arm-none-eabi/bin/../lib/gcc/arm-none-eabi/10.3.1/../../../../arm-none-eabi/lib/thumb/v7e-m/nofp/libg.a(lib_a-mallocr.o)
                0x0000000020020e7c                __malloc_max_total_mem
 .bss.__malloc_top_pad
                0x0000000020020e80        0x4 /opt/gcc-arm-none-eabi/bin/../lib/gcc/arm-none-eabi/10.3.1/../../../../arm-none-eabi/lib/thumb/v7e-m/nofp/libg.a(lib_a-mallocr.o)
                0x0000000020020e80                __malloc_top_pad
 .bss.errno     0x0000000020020e84        0x4 /opt/gcc-arm-none-eabi/bin/../lib/gcc/arm-none-eabi/10.3.1/../../../../arm-none-eabi/lib/thumb/v7e-m/nofp/libg.a(lib_a-reent.o)
                0x0000000020020e84                errno
 *(COMMON)
                0x0000000020020e88                . = ALIGN (0x4)
                0x0000000020020e88                _ebss = .
                0x0000000020020e88                _end = .
                0x0000000020020e88                _heap_start = _end
                0x0000000000004000                _stack_size = 0x4000
                0x000000002007c000                _heap_end = ((ORIGIN (RAM) + LENGTH (RAM)) - _stack_size)
                0x000000002007c000                __StackLimit = _heap_end
                0x0000000020080000                __StackTop = (ORIGIN (RAM) + LENGTH (RAM))
                0x000000002007c000                _sstack = __StackLimit
                0x0000000020080000                _estack = __StackTop
                0x000000002007c000                . = _heap_end

._user_stack    0x0000000020020e88     0x4000 load address 0x00000000080132f0
                0x0000000020020e88                . = ALIGN (0x8)
                [!provide]                        PROVIDE (_sstack = .)
                0x0000000020024e88                . = (. + _stack_size)
 *fill*         0x0000000020020e88     0x4000 
                0x0000000020024e88                . = ALIGN (0x8)
                [!provide]                        PROVIDE (_estack = .)
OUTPUT(build/secure_bootloader.elf elf32-littlearm)
LOAD linker stubs

.ARM.attributes
                0x0000000000000000       0x2a
 .ARM.attributes
                0x0000000000000000       0x1e /opt/gcc-arm-none-eabi/bin/../lib/gcc/arm-none-eabi/10.3.1/thumb/v7e-m/nofp/crti.o
 .ARM.attributes
                0x000000000000001e       0x2e build/Core/Src/syscalls.o
 .ARM.attributes
                0x000000000000004c       0x2e build/Core/Src/main.o
 .ARM.attributes
                0x000000000000007a       0x2e build/Core/Src/startup.o
 .ARM.attributes
                0x00000000000000a8       0x2e build/App/Src/cli/cli.o
 .ARM.attributes
                0x00000000000000d6       0x2e build/App/Src/common/logger.o
 .ARM.attributes
                0x0000000000000104       0x2e build/App/Src/common/utilities.o
 .ARM.attributes
                0x0000000000000132       0x2e build/App/Src/bootloader/boot_config.o
 .ARM.attributes
                0x0000000000000160       0x2e build/App/Src/bootloader/bootloader.o
 .ARM.attributes
                0x000000000000018e       0x2e build/App/Src/ota/ota.o
 .ARM.attributes
                0x00000000000001bc       0x2e build/App/Src/ota/ota_protocol.o
 .ARM.attributes
                0x00000000000001ea       0x2e build/App/Src/ota/ota_crypto.o
 .ARM.attributes
                0x0000000000000218       0x2e build/Drivers/Src/uart.o
 .ARM.attributes
                0x0000000000000246       0x2e build/Drivers/Src/systick.o
 .ARM.attributes
                0x0000000000000274       0x2e build/Drivers/Src/flash.o
 .ARM.attributes
                0x00000000000002a2       0x2e build/Drivers/Src/led.o
 .ARM.attributes
                0x00000000000002d0       0x2e lib/mbedtls/build/library/libmbedcrypto.a(pk.c.obj)
 .ARM.attributes
                0x00000000000002fe       0x2e lib/mbedtls/build/library/libmbedcrypto.a(pk_wrap.c.obj)
 .ARM.attributes
                0x000000000000032c       0x2e lib/mbedtls/build/library/libmbedcrypto.a(pkparse.c.obj)
 .ARM.attributes
                0x000000000000035a       0x2e lib/mbedtls/build/library/libmbedcrypto.a(platform.c.obj)
 .ARM.attributes
                0x0000000000000388       0x2e lib/mbedtls/build/library/libmbedcrypto.a(sha256.c.obj)
 .ARM.attributes
                0x00000000000003b6       0x2e lib/mbedtls/build/library/libmbedcrypto.a(asn1parse.c.obj)
 .ARM.attributes
                0x00000000000003e4       0x2e lib/mbedtls/build/library/libmbedcrypto.a(bignum.c.obj)
 .ARM.attributes
                0x0000000000000412       0x2e lib/mbedtls/build/library/libmbedcrypto.a(bignum_core.c.obj)
 .ARM.attributes
                0x0000000000000440       0x2e lib/mbedtls/build/library/libmbedcrypto.a(constant_time.c.obj)
 .ARM.attributes
                0x000000000000046e       0x2e lib/mbedtls/build/library/libmbedcrypto.a(ecdsa.c.obj)
 .ARM.attributes
                0x000000000000049c       0x2e lib/mbedtls/build/library/libmbedcrypto.a(ecp.c.obj)
 .ARM.attributes
                0x00000000000004ca       0x2e lib/mbedtls/build/library/libmbedcrypto.a(ecp_curves.c.obj)
 .ARM.attributes
                0x00000000000004f8       0x2e lib/mbedtls/build/library/libmbedcrypto.a(hmac_drbg.c.obj)
 .ARM.attributes
                0x0000000000000526       0x2e lib/mbedtls/build/library/libmbedcrypto.a(md.c.obj)
 .ARM.attributes
                0x0000000000000554       0x2e lib/mbedtls/build/library/libmbedcrypto.a(oid.c.obj)
 .ARM.attributes
                0x0000000000000582       0x2e lib/mbedtls/build/library/libmbedcrypto.a(pk_ecc.c.obj)
 .ARM.attributes
                0x00000000000005b0       0x2e lib/mbedtls/build/library/libmbedcrypto.a(platform_util.c.obj)
 .ARM.attributes
                0x00000000000005de       0x2e lib/mbedtls/build/library/libmbedcrypto.a(asn1write.c.obj)
 .ARM.attributes
                0x000000000000060c       0x1e /opt/gcc-arm-none-eabi/bin/../lib/gcc/arm-none-eabi/10.3.1/thumb/v7e-m/nofp/libgcc.a(_aeabi_uldivmod.o)
 .ARM.attributes
                0x000000000000062a       0x2e /opt/gcc-arm-none-eabi/bin/../lib/gcc/arm-none-eabi/10.3.1/thumb/v7e-m/nofp/libgcc.a(_udivmoddi4.o)
 .ARM.attributes
                0x0000000000000658       0x1e /opt/gcc-arm-none-eabi/bin/../lib/gcc/arm-none-eabi/10.3.1/thumb/v7e-m/nofp/libgcc.a(_dvmd_tls.o)
 .ARM.attributes
                0x0000000000000676       0x2e /opt/gcc-arm-none-eabi/bin/../lib/gcc/arm-none-eabi/10.3.1/../../../../arm-none-eabi/lib/thumb/v7e-m/nofp/libg.a(lib_a-ctype_.o)
 .ARM.attributes
                0x00000000000006a4       0x2e /opt/gcc-arm-none-eabi/bin/../lib/gcc/arm-none-eabi/10.3.1/../../../../arm-none-eabi/lib/thumb/v7e-m/nofp/libg.a(lib_a-errno.o)
 .ARM.attributes
                0x00000000000006d2       0x2e /opt/gcc-arm-none-eabi/bin/../lib/gcc/arm-none-eabi/10.3.1/../../../../arm-none-eabi/lib/thumb/v7e-m/nofp/libg.a(lib_a-impure.o)
 .ARM.attributes
                0x0000000000000700       0x2e /opt/gcc-arm-none-eabi/bin/../lib/gcc/arm-none-eabi/10.3.1/../../../../arm-none-eabi/lib/thumb/v7e-m/nofp/libg.a(lib_a-memcmp.o)
 .ARM.attributes
                0x000000000000072e       0x1c /opt/gcc-arm-none-eabi/bin/../lib/gcc/arm-none-eabi/10.3.1/../../../../arm-none-eabi/lib/thumb/v7e-m/nofp/libg.a(lib_a-memcpy.o)
 .ARM.attributes
                0x000000000000074a       0x2e /opt/gcc-arm-none-eabi/bin/../lib/gcc/arm-none-eabi/10.3.1/../../../../arm-none-eabi/lib/thumb/v7e-m/nofp/libg.a(lib_a-memmove.o)
 .ARM.attributes
                0x0000000000000778       0x2e /opt/gcc-arm-none-eabi/bin/../lib/gcc/arm-none-eabi/10.3.1/../../../../arm-none-eabi/lib/thumb/v7e-m/nofp/libg.a(lib_a-memset.o)
 .ARM.attributes
                0x00000000000007a6       0x2e /opt/gcc-arm-none-eabi/bin/../lib/gcc/arm-none-eabi/10.3.1/../../../../arm-none-eabi/lib/thumb/v7e-m/nofp/libg.a(lib_a-snprintf.o)
 .ARM.attributes
                0x00000000000007d4       0x2e /opt/gcc-arm-none-eabi/bin/../lib/gcc/arm-none-eabi/10.3.1/../../../../arm-none-eabi/lib/thumb/v7e-m/nofp/libg.a(lib_a-strchr.o)
 .ARM.attributes
                0x0000000000000802       0x1c /opt/gcc-arm-none-eabi/bin/../lib/gcc/arm-none-eabi/10.3.1/../../../../arm-none-eabi/lib/thumb/v7e-m/nofp/libg.a(lib_a-strcmp.o)
 .ARM.attributes
                0x000000000000081e       0x1c /opt/gcc-arm-none-eabi/bin/../lib/gcc/arm-none-eabi/10.3.1/../../../../arm-none-eabi/lib/thumb/v7e-m/nofp/libg.a(lib_a-strlen.o)
 .ARM.attributes
                0x000000000000083a       0x2e /opt/gcc-arm-none-eabi/bin/../lib/gcc/arm-none-eabi/10.3.1/../../../../arm-none-eabi/lib/thumb/v7e-m/nofp/libg.a(lib_a-strncpy.o)
 .ARM.attributes
                0x0000000000000868       0x2e /opt/gcc-arm-none-eabi/bin/../lib/gcc/arm-none-eabi/10.3.1/../../../../arm-none-eabi/lib/thumb/v7e-m/nofp/libg.a(lib_a-strtol.o)
 .ARM.attributes
                0x0000000000000896       0x2e /opt/gcc-arm-none-eabi/bin/../lib/gcc/arm-none-eabi/10.3.1/../../../../arm-none-eabi/lib/thumb/v7e-m/nofp/libg.a(lib_a-svfprintf.o)
 .ARM.attributes
                0x00000000000008c4       0x2e /opt/gcc-arm-none-eabi/bin/../lib/gcc/arm-none-eabi/10.3.1/../../../../arm-none-eabi/lib/thumb/v7e-m/nofp/libg.a(lib_a-vsnprintf.o)
 .ARM.attributes
                0x00000000000008f2       0x2e /opt/gcc-arm-none-eabi/bin/../lib/gcc/arm-none-eabi/10.3.1/../../../../arm-none-eabi/lib/thumb/v7e-m/nofp/libg.a(lib_a-dtoa.o)
 .ARM.attributes
                0x0000000000000920       0x2e /opt/gcc-arm-none-eabi/bin/../lib/gcc/arm-none-eabi/10.3.1/../../../../arm-none-eabi/lib/thumb/v7e-m/nofp/libg.a(lib_a-freer.o)
 .ARM.attributes
                0x000000000000094e       0x2e /opt/gcc-arm-none-eabi/bin/../lib/gcc/arm-none-eabi/10.3.1/../../../../arm-none-eabi/lib/thumb/v7e-m/nofp/libg.a(lib_a-localeconv.o)
 .ARM.attributes
                0x000000000000097c       0x2e /opt/gcc-arm-none-eabi/bin/../lib/gcc/arm-none-eabi/10.3.1/../../../../arm-none-eabi/lib/thumb/v7e-m/nofp/libg.a(lib_a-lock.o)
 .ARM.attributes
                0x00000000000009aa       0x2e /opt/gcc-arm-none-eabi/bin/../lib/gcc/arm-none-eabi/10.3.1/../../../../arm-none-eabi/lib/thumb/v7e-m/nofp/libg.a(lib_a-mallocr.o)
 .ARM.attributes
                0x00000000000009d8       0x1c /opt/gcc-arm-none-eabi/bin/../lib/gcc/arm-none-eabi/10.3.1/../../../../arm-none-eabi/lib/thumb/v7e-m/nofp/libg.a(lib_a-memchr.o)
 .ARM.attributes
                0x00000000000009f4       0x2e /opt/gcc-arm-none-eabi/bin/../lib/gcc/arm-none-eabi/10.3.1/../../../../arm-none-eabi/lib/thumb/v7e-m/nofp/libg.a(lib_a-mlock.o)
 .ARM.attributes
                0x0000000000000a22       0x2e /opt/gcc-arm-none-eabi/bin/../lib/gcc/arm-none-eabi/10.3.1/../../../../arm-none-eabi/lib/thumb/v7e-m/nofp/libg.a(lib_a-mprec.o)
 .ARM.attributes
                0x0000000000000a50       0x2e /opt/gcc-arm-none-eabi/bin/../lib/gcc/arm-none-eabi/10.3.1/../../../../arm-none-eabi/lib/thumb/v7e-m/nofp/libg.a(lib_a-s_frexp.o)
 .ARM.attributes
                0x0000000000000a7e       0x2e /opt/gcc-arm-none-eabi/bin/../lib/gcc/arm-none-eabi/10.3.1/../../../../arm-none-eabi/lib/thumb/v7e-m/nofp/libg.a(lib_a-svfiprintf.o)
 .ARM.attributes
                0x0000000000000aac       0x2e /opt/gcc-arm-none-eabi/bin/../lib/gcc/arm-none-eabi/10.3.1/../../../../arm-none-eabi/lib/thumb/v7e-m/nofp/libg.a(lib_a-assert.o)
 .ARM.attributes
                0x0000000000000ada       0x2e /opt/gcc-arm-none-eabi/bin/../lib/gcc/arm-none-eabi/10.3.1/../../../../arm-none-eabi/lib/thumb/v7e-m/nofp/libg.a(lib_a-callocr.o)
 .ARM.attributes
                0x0000000000000b08       0x2e /opt/gcc-arm-none-eabi/bin/../lib/gcc/arm-none-eabi/10.3.1/../../../../arm-none-eabi/lib/thumb/v7e-m/nofp/libg.a(lib_a-fiprintf.o)
 .ARM.attributes
                0x0000000000000b36       0x2e /opt/gcc-arm-none-eabi/bin/../lib/gcc/arm-none-eabi/10.3.1/../../../../arm-none-eabi/lib/thumb/v7e-m/nofp/libg.a(lib_a-locale.o)
 .ARM.attributes
                0x0000000000000b64       0x2e /opt/gcc-arm-none-eabi/bin/../lib/gcc/arm-none-eabi/10.3.1/../../../../arm-none-eabi/lib/thumb/v7e-m/nofp/libg.a(lib_a-mbtowc_r.o)
 .ARM.attributes
                0x0000000000000b92       0x2e /opt/gcc-arm-none-eabi/bin/../lib/gcc/arm-none-eabi/10.3.1/../../../../arm-none-eabi/lib/thumb/v7e-m/nofp/libg.a(lib_a-reallocr.o)
 .ARM.attributes
                0x0000000000000bc0       0x2e /opt/gcc-arm-none-eabi/bin/../lib/gcc/arm-none-eabi/10.3.1/../../../../arm-none-eabi/lib/thumb/v7e-m/nofp/libg.a(lib_a-vfiprintf.o)
 .ARM.attributes
                0x0000000000000bee       0x2e /opt/gcc-arm-none-eabi/bin/../lib/gcc/arm-none-eabi/10.3.1/../../../../arm-none-eabi/lib/thumb/v7e-m/nofp/libg.a(lib_a-wctomb_r.o)
 .ARM.attributes
                0x0000000000000c1c       0x2e /opt/gcc-arm-none-eabi/bin/../lib/gcc/arm-none-eabi/10.3.1/../../../../arm-none-eabi/lib/thumb/v7e-m/nofp/libg.a(lib_a-wsetup.o)
 .ARM.attributes
                0x0000000000000c4a       0x2e /opt/gcc-arm-none-eabi/bin/../lib/gcc/arm-none-eabi/10.3.1/../../../../arm-none-eabi/lib/thumb/v7e-m/nofp/libg.a(lib_a-abort.o)
 .ARM.attributes
                0x0000000000000c78       0x2e /opt/gcc-arm-none-eabi/bin/../lib/gcc/arm-none-eabi/10.3.1/../../../../arm-none-eabi/lib/thumb/v7e-m/nofp/libg.a(lib_a-fflush.o)
 .ARM.attributes
                0x0000000000000ca6       0x2e /opt/gcc-arm-none-eabi/bin/../lib/gcc/arm-none-eabi/10.3.1/../../../../arm-none-eabi/lib/thumb/v7e-m/nofp/libg.a(lib_a-findfp.o)
 .ARM.attributes
                0x0000000000000cd4       0x2e /opt/gcc-arm-none-eabi/bin/../lib/gcc/arm-none-eabi/10.3.1/../../../../arm-none-eabi/lib/thumb/v7e-m/nofp/libg.a(lib_a-fputwc.o)
 .ARM.attributes
                0x0000000000000d02       0x2e /opt/gcc-arm-none-eabi/bin/../lib/gcc/arm-none-eabi/10.3.1/../../../../arm-none-eabi/lib/thumb/v7e-m/nofp/libg.a(lib_a-fvwrite.o)
 .ARM.attributes
                0x0000000000000d30       0x2e /opt/gcc-arm-none-eabi/bin/../lib/gcc/arm-none-eabi/10.3.1/../../../../arm-none-eabi/lib/thumb/v7e-m/nofp/libg.a(lib_a-fwalk.o)
 .ARM.attributes
                0x0000000000000d5e       0x2e /opt/gcc-arm-none-eabi/bin/../lib/gcc/arm-none-eabi/10.3.1/../../../../arm-none-eabi/lib/thumb/v7e-m/nofp/libg.a(lib_a-makebuf.o)
 .ARM.attributes
                0x0000000000000d8c       0x2e /opt/gcc-arm-none-eabi/bin/../lib/gcc/arm-none-eabi/10.3.1/../../../../arm-none-eabi/lib/thumb/v7e-m/nofp/libg.a(lib_a-signal.o)
 .ARM.attributes
                0x0000000000000dba       0x2e /opt/gcc-arm-none-eabi/bin/../lib/gcc/arm-none-eabi/10.3.1/../../../../arm-none-eabi/lib/thumb/v7e-m/nofp/libg.a(lib_a-signalr.o)
 .ARM.attributes
                0x0000000000000de8       0x2e /opt/gcc-arm-none-eabi/bin/../lib/gcc/arm-none-eabi/10.3.1/../../../../arm-none-eabi/lib/thumb/v7e-m/nofp/libg.a(lib_a-stdio.o)
 .ARM.attributes
                0x0000000000000e16       0x2e /opt/gcc-arm-none-eabi/bin/../lib/gcc/arm-none-eabi/10.3.1/../../../../arm-none-eabi/lib/thumb/v7e-m/nofp/libg.a(lib_a-wbuf.o)
 .ARM.attributes
                0x0000000000000e44       0x2e /opt/gcc-arm-none-eabi/bin/../lib/gcc/arm-none-eabi/10.3.1/../../../../arm-none-eabi/lib/thumb/v7e-m/nofp/libg.a(lib_a-wcrtomb.o)
 .ARM.attributes
                0x0000000000000e72       0x2e /opt/gcc-arm-none-eabi/bin/../lib/gcc/arm-none-eabi/10.3.1/../../../../arm-none-eabi/lib/thumb/v7e-m/nofp/libg.a(lib_a-writer.o)
 .ARM.attributes
                0x0000000000000ea0       0x2e /opt/gcc-arm-none-eabi/bin/../lib/gcc/arm-none-eabi/10.3.1/../../../../arm-none-eabi/lib/thumb/v7e-m/nofp/libg.a(lib_a-closer.o)
 .ARM.attributes
                0x0000000000000ece       0x2e /opt/gcc-arm-none-eabi/bin/../lib/gcc/arm-none-eabi/10.3.1/../../../../arm-none-eabi/lib/thumb/v7e-m/nofp/libg.a(lib_a-fclose.o)
 .ARM.attributes
                0x0000000000000efc       0x2e /opt/gcc-arm-none-eabi/bin/../lib/gcc/arm-none-eabi/10.3.1/../../../../arm-none-eabi/lib/thumb/v7e-m/nofp/libg.a(lib_a-fstatr.o)
 .ARM.attributes
                0x0000000000000f2a       0x2e /opt/gcc-arm-none-eabi/bin/../lib/gcc/arm-none-eabi/10.3.1/../../../../arm-none-eabi/lib/thumb/v7e-m/nofp/libg.a(lib_a-isattyr.o)
 .ARM.attributes
                0x0000000000000f58       0x2e /opt/gcc-arm-none-eabi/bin/../lib/gcc/arm-none-eabi/10.3.1/../../../../arm-none-eabi/lib/thumb/v7e-m/nofp/libg.a(lib_a-lseekr.o)
 .ARM.attributes
                0x0000000000000f86       0x2e /opt/gcc-arm-none-eabi/bin/../lib/gcc/arm-none-eabi/10.3.1/../../../../arm-none-eabi/lib/thumb/v7e-m/nofp/libg.a(lib_a-readr.o)
 .ARM.attributes
                0x0000000000000fb4       0x2e /opt/gcc-arm-none-eabi/bin/../lib/gcc/arm-none-eabi/10.3.1/../../../../arm-none-eabi/lib/thumb/v7e-m/nofp/libg.a(lib_a-reent.o)
 .ARM.attributes
                0x0000000000000fe2       0x1e /opt/gcc-arm-none-eabi/bin/../lib/gcc/arm-none-eabi/10.3.1/thumb/v7e-m/nofp/libgcc.a(_arm_addsubdf3.o)
 .ARM.attributes
                0x0000000000001000       0x1e /opt/gcc-arm-none-eabi/bin/../lib/gcc/arm-none-eabi/10.3.1/thumb/v7e-m/nofp/libgcc.a(_arm_muldivdf3.o)
 .ARM.attributes
                0x000000000000101e       0x1e /opt/gcc-arm-none-eabi/bin/../lib/gcc/arm-none-eabi/10.3.1/thumb/v7e-m/nofp/libgcc.a(_arm_cmpdf2.o)
 .ARM.attributes
                0x000000000000103c       0x1e /opt/gcc-arm-none-eabi/bin/../lib/gcc/arm-none-eabi/10.3.1/thumb/v7e-m/nofp/libgcc.a(_arm_unorddf2.o)
 .ARM.attributes
                0x000000000000105a       0x1e /opt/gcc-arm-none-eabi/bin/../lib/gcc/arm-none-eabi/10.3.1/thumb/v7e-m/nofp/libgcc.a(_arm_fixdfsi.o)

.comment        0x0000000000000000       0x49
 .comment       0x0000000000000000       0x49 build/Core/Src/syscalls.o
                                         0x4a (size before relaxing)
 .comment       0x0000000000000049       0x4a build/Core/Src/main.o
 .comment       0x0000000000000049       0x4a build/Core/Src/startup.o
 .comment       0x0000000000000049       0x4a build/App/Src/cli/cli.o
 .comment       0x0000000000000049       0x4a build/App/Src/common/logger.o
 .comment       0x0000000000000049       0x4a build/App/Src/common/utilities.o
 .comment       0x0000000000000049       0x4a build/App/Src/bootloader/boot_config.o
 .comment       0x0000000000000049       0x4a build/App/Src/bootloader/bootloader.o
 .comment       0x0000000000000049       0x4a build/App/Src/ota/ota.o
 .comment       0x0000000000000049       0x4a build/App/Src/ota/ota_protocol.o
 .comment       0x0000000000000049       0x4a build/App/Src/ota/ota_crypto.o
 .comment       0x0000000000000049       0x4a build/Drivers/Src/uart.o
 .comment       0x0000000000000049       0x4a build/Drivers/Src/systick.o
 .comment       0x0000000000000049       0x4a build/Drivers/Src/flash.o
 .comment       0x0000000000000049       0x4a build/Drivers/Src/led.o
 .comment       0x0000000000000049       0x4a lib/mbedtls/build/library/libmbedcrypto.a(pk.c.obj)
 .comment       0x0000000000000049       0x4a lib/mbedtls/build/library/libmbedcrypto.a(pk_wrap.c.obj)
 .comment       0x0000000000000049       0x4a lib/mbedtls/build/library/libmbedcrypto.a(pkparse.c.obj)
 .comment       0x0000000000000049       0x4a lib/mbedtls/build/library/libmbedcrypto.a(platform.c.obj)
 .comment       0x0000000000000049       0x4a lib/mbedtls/build/library/libmbedcrypto.a(sha256.c.obj)
 .comment       0x0000000000000049       0x4a lib/mbedtls/build/library/libmbedcrypto.a(asn1parse.c.obj)
 .comment       0x0000000000000049       0x4a lib/mbedtls/build/library/libmbedcrypto.a(bignum.c.obj)
 .comment       0x0000000000000049       0x4a lib/mbedtls/build/library/libmbedcrypto.a(bignum_core.c.obj)
 .comment       0x0000000000000049       0x4a lib/mbedtls/build/library/libmbedcrypto.a(constant_time.c.obj)
 .comment       0x0000000000000049       0x4a lib/mbedtls/build/library/libmbedcrypto.a(ecdsa.c.obj)
 .comment       0x0000000000000049       0x4a lib/mbedtls/build/library/libmbedcrypto.a(ecp.c.obj)
 .comment       0x0000000000000049       0x4a lib/mbedtls/build/library/libmbedcrypto.a(ecp_curves.c.obj)