Archive member included to satisfy reference by file (symbol)

/opt/gcc-arm-none-eabi/bin/../lib/gcc/arm-none-eabi/10.3.1/../../../../arm-none-eabi/lib/thumb/v7e-m/nofp/libg.a(lib_a-exit.o)
                              /opt/gcc-arm-none-eabi/bin/../lib/gcc/arm-none-eabi/10.3.1/../../../../arm-none-eabi/lib/thumb/v7e-m/nofp/crt0.o (exit)
/opt/gcc-arm-none-eabi/bin/../lib/gcc/arm-none-eabi/10.3.1/../../../../arm-none-eabi/lib/thumb/v7e-m/nofp/libg.a(lib_a-impure.o)
                              /opt/gcc-arm-none-eabi/bin/../lib/gcc/arm-none-eabi/10.3.1/../../../../arm-none-eabi/lib/thumb/v7e-m/nofp/libg.a(lib_a-exit.o) (_global_impure_ptr)
/opt/gcc-arm-none-eabi/bin/../lib/gcc/arm-none-eabi/10.3.1/../../../../arm-none-eabi/lib/thumb/v7e-m/nofp/libg.a(lib_a-init.o)
                              /opt/gcc-arm-none-eabi/bin/../lib/gcc/arm-none-eabi/10.3.1/../../../../arm-none-eabi/lib/thumb/v7e-m/nofp/crt0.o (__libc_init_array)
/opt/gcc-arm-none-eabi/bin/../lib/gcc/arm-none-eabi/10.3.1/../../../../arm-none-eabi/lib/thumb/v7e-m/nofp/libg.a(lib_a-memset.o)
                              /opt/gcc-arm-none-eabi/bin/../lib/gcc/arm-none-eabi/10.3.1/../../../../arm-none-eabi/lib/thumb/v7e-m/nofp/crt0.o (memset)
/opt/gcc-arm-none-eabi/bin/../lib/gcc/arm-none-eabi/10.3.1/../../../../arm-none-eabi/lib/thumb/v7e-m/nofp/libg.a(lib_a-__call_atexit.o)
                              /opt/gcc-arm-none-eabi/bin/../lib/gcc/arm-none-eabi/10.3.1/../../../../arm-none-eabi/lib/thumb/v7e-m/nofp/libg.a(lib_a-exit.o) (__call_exitprocs)
/opt/gcc-arm-none-eabi/bin/../lib/gcc/arm-none-eabi/10.3.1/../../../../arm-none-eabi/lib/thumb/v7e-m/nofp/libg.a(lib_a-atexit.o)
                              /opt/gcc-arm-none-eabi/bin/../lib/gcc/arm-none-eabi/10.3.1/../../../../arm-none-eabi/lib/thumb/v7e-m/nofp/libg.a(lib_a-__call_atexit.o) (atexit)
/opt/gcc-arm-none-eabi/bin/../lib/gcc/arm-none-eabi/10.3.1/../../../../arm-none-eabi/lib/thumb/v7e-m/nofp/libg.a(lib_a-fini.o)
                              /opt/gcc-arm-none-eabi/bin/../lib/gcc/arm-none-eabi/10.3.1/../../../../arm-none-eabi/lib/thumb/v7e-m/nofp/libg.a(lib_a-__call_atexit.o) (__libc_fini_array)
/opt/gcc-arm-none-eabi/bin/../lib/gcc/arm-none-eabi/10.3.1/../../../../arm-none-eabi/lib/thumb/v7e-m/nofp/libg.a(lib_a-lock.o)
                              /opt/gcc-arm-none-eabi/bin/../lib/gcc/arm-none-eabi/10.3.1/../../../../arm-none-eabi/lib/thumb/v7e-m/nofp/libg.a(lib_a-__call_atexit.o) (__retarget_lock_acquire_recursive)
/opt/gcc-arm-none-eabi/bin/../lib/gcc/arm-none-eabi/10.3.1/../../../../arm-none-eabi/lib/thumb/v7e-m/nofp/libg.a(lib_a-__atexit.o)
                              /opt/gcc-arm-none-eabi/bin/../lib/gcc/arm-none-eabi/10.3.1/../../../../arm-none-eabi/lib/thumb/v7e-m/nofp/libg.a(lib_a-atexit.o) (__register_exitproc)

Discarded input sections

 .text          0x0000000000000000        0x0 /opt/gcc-arm-none-eabi/bin/../lib/gcc/arm-none-eabi/10.3.1/thumb/v7e-m/nofp/crti.o
 .data          0x0000000000000000        0x0 /opt/gcc-arm-none-eabi/bin/../lib/gcc/arm-none-eabi/10.3.1/thumb/v7e-m/nofp/crti.o
 .bss           0x0000000000000000        0x0 /opt/gcc-arm-none-eabi/bin/../lib/gcc/arm-none-eabi/10.3.1/thumb/v7e-m/nofp/crti.o
 .text          0x0000000000000000       0x40 /opt/gcc-arm-none-eabi/bin/../lib/gcc/arm-none-eabi/10.3.1/thumb/v7e-m/nofp/crtbegin.o
 .data          0x0000000000000000        0x4 /opt/gcc-arm-none-eabi/bin/../lib/gcc/arm-none-eabi/10.3.1/thumb/v7e-m/nofp/crtbegin.o
 .bss           0x0000000000000000       0x1c /opt/gcc-arm-none-eabi/bin/../lib/gcc/arm-none-eabi/10.3.1/thumb/v7e-m/nofp/crtbegin.o
 .rodata        0x0000000000000000       0x24 /opt/gcc-arm-none-eabi/bin/../lib/gcc/arm-none-eabi/10.3.1/thumb/v7e-m/nofp/crtbegin.o
 .init_array    0x0000000000000000        0x4 /opt/gcc-arm-none-eabi/bin/../lib/gcc/arm-none-eabi/10.3.1/thumb/v7e-m/nofp/crtbegin.o
 .fini_array    0x0000000000000000        0x4 /opt/gcc-arm-none-eabi/bin/../lib/gcc/arm-none-eabi/10.3.1/thumb/v7e-m/nofp/crtbegin.o
 .eh_frame      0x0000000000000000        0x0 /opt/gcc-arm-none-eabi/bin/../lib/gcc/arm-none-eabi/10.3.1/thumb/v7e-m/nofp/crtbegin.o
 .ARM.attributes
                0x0000000000000000       0x2e /opt/gcc-arm-none-eabi/bin/../lib/gcc/arm-none-eabi/10.3.1/thumb/v7e-m/nofp/crtbegin.o
 .text          0x0000000000000000       0x7c /opt/gcc-arm-none-eabi/bin/../lib/gcc/arm-none-eabi/10.3.1/../../../../arm-none-eabi/lib/thumb/v7e-m/nofp/crt0.o
 .data          0x0000000000000000        0x0 /opt/gcc-arm-none-eabi/bin/../lib/gcc/arm-none-eabi/10.3.1/../../../../arm-none-eabi/lib/thumb/v7e-m/nofp/crt0.o
 .bss           0x0000000000000000        0x0 /opt/gcc-arm-none-eabi/bin/../lib/gcc/arm-none-eabi/10.3.1/../../../../arm-none-eabi/lib/thumb/v7e-m/nofp/crt0.o
 .ARM.extab     0x0000000000000000        0x0 /opt/gcc-arm-none-eabi/bin/../lib/gcc/arm-none-eabi/10.3.1/../../../../arm-none-eabi/lib/thumb/v7e-m/nofp/crt0.o
 .ARM.exidx     0x0000000000000000       0x10 /opt/gcc-arm-none-eabi/bin/../lib/gcc/arm-none-eabi/10.3.1/../../../../arm-none-eabi/lib/thumb/v7e-m/nofp/crt0.o
 .ARM.attributes
                0x0000000000000000       0x1c /opt/gcc-arm-none-eabi/bin/../lib/gcc/arm-none-eabi/10.3.1/../../../../arm-none-eabi/lib/thumb/v7e-m/nofp/crt0.o
 .data          0x0000000000000000        0x0 build/main.o
 .data          0x0000000000000000        0x0 build/startup.o
 .bss           0x0000000000000000        0x0 build/startup.o
 .text          0x0000000000000000        0x0 /opt/gcc-arm-none-eabi/bin/../lib/gcc/arm-none-eabi/10.3.1/../../../../arm-none-eabi/lib/thumb/v7e-m/nofp/libg.a(lib_a-exit.o)
 .data          0x0000000000000000        0x0 /opt/gcc-arm-none-eabi/bin/../lib/gcc/arm-none-eabi/10.3.1/../../../../arm-none-eabi/lib/thumb/v7e-m/nofp/libg.a(lib_a-exit.o)
 .bss           0x0000000000000000        0x0 /opt/gcc-arm-none-eabi/bin/../lib/gcc/arm-none-eabi/10.3.1/../../../../arm-none-eabi/lib/thumb/v7e-m/nofp/libg.a(lib_a-exit.o)
 .text.exit     0x0000000000000000       0x20 /opt/gcc-arm-none-eabi/bin/../lib/gcc/arm-none-eabi/10.3.1/../../../../arm-none-eabi/lib/thumb/v7e-m/nofp/libg.a(lib_a-exit.o)
 .debug_frame   0x0000000000000000       0x28 /opt/gcc-arm-none-eabi/bin/../lib/gcc/arm-none-eabi/10.3.1/../../../../arm-none-eabi/lib/thumb/v7e-m/nofp/libg.a(lib_a-exit.o)
 .ARM.attributes
                0x0000000000000000       0x2e /opt/gcc-arm-none-eabi/bin/../lib/gcc/arm-none-eabi/10.3.1/../../../../arm-none-eabi/lib/thumb/v7e-m/nofp/libg.a(lib_a-exit.o)
 .text          0x0000000000000000        0x0 /opt/gcc-arm-none-eabi/bin/../lib/gcc/arm-none-eabi/10.3.1/../../../../arm-none-eabi/lib/thumb/v7e-m/nofp/libg.a(lib_a-impure.o)
 .data          0x0000000000000000        0x0 /opt/gcc-arm-none-eabi/bin/../lib/gcc/arm-none-eabi/10.3.1/../../../../arm-none-eabi/lib/thumb/v7e-m/nofp/libg.a(lib_a-impure.o)
 .bss           0x0000000000000000        0x0 /opt/gcc-arm-none-eabi/bin/../lib/gcc/arm-none-eabi/10.3.1/../../../../arm-none-eabi/lib/thumb/v7e-m/nofp/libg.a(lib_a-impure.o)
 .data._impure_ptr
                0x0000000000000000        0x4 /opt/gcc-arm-none-eabi/bin/../lib/gcc/arm-none-eabi/10.3.1/../../../../arm-none-eabi/lib/thumb/v7e-m/nofp/libg.a(lib_a-impure.o)
 .data.impure_data
                0x0000000000000000      0x428 /opt/gcc-arm-none-eabi/bin/../lib/gcc/arm-none-eabi/10.3.1/../../../../arm-none-eabi/lib/thumb/v7e-m/nofp/libg.a(lib_a-impure.o)
 .rodata._global_impure_ptr
                0x0000000000000000        0x4 /opt/gcc-arm-none-eabi/bin/../lib/gcc/arm-none-eabi/10.3.1/../../../../arm-none-eabi/lib/thumb/v7e-m/nofp/libg.a(lib_a-impure.o)
 .ARM.attributes
                0x0000000000000000       0x2e /opt/gcc-arm-none-eabi/bin/../lib/gcc/arm-none-eabi/10.3.1/../../../../arm-none-eabi/lib/thumb/v7e-m/nofp/libg.a(lib_a-impure.o)
 .text          0x0000000000000000        0x0 /opt/gcc-arm-none-eabi/bin/../lib/gcc/arm-none-eabi/10.3.1/../../../../arm-none-eabi/lib/thumb/v7e-m/nofp/libg.a(lib_a-init.o)
 .data          0x0000000000000000        0x0 /opt/gcc-arm-none-eabi/bin/../lib/gcc/arm-none-eabi/10.3.1/../../../../arm-none-eabi/lib/thumb/v7e-m/nofp/libg.a(lib_a-init.o)
 .bss           0x0000000000000000        0x0 /opt/gcc-arm-none-eabi/bin/../lib/gcc/arm-none-eabi/10.3.1/../../../../arm-none-eabi/lib/thumb/v7e-m/nofp/libg.a(lib_a-init.o)
 .text.__libc_init_array
                0x0000000000000000       0x48 /opt/gcc-arm-none-eabi/bin/../lib/gcc/arm-none-eabi/10.3.1/../../../../arm-none-eabi/lib/thumb/v7e-m/nofp/libg.a(lib_a-init.o)
 .debug_frame   0x0000000000000000       0x2c /opt/gcc-arm-none-eabi/bin/../lib/gcc/arm-none-eabi/10.3.1/../../../../arm-none-eabi/lib/thumb/v7e-m/nofp/libg.a(lib_a-init.o)
 .ARM.attributes
                0x0000000000000000       0x2e /opt/gcc-arm-none-eabi/bin/../lib/gcc/arm-none-eabi/10.3.1/../../../../arm-none-eabi/lib/thumb/v7e-m/nofp/libg.a(lib_a-init.o)
 .text          0x0000000000000000        0x0 /opt/gcc-arm-none-eabi/bin/../lib/gcc/arm-none-eabi/10.3.1/../../../../arm-none-eabi/lib/thumb/v7e-m/nofp/libg.a(lib_a-memset.o)
 .data          0x0000000000000000        0x0 /opt/gcc-arm-none-eabi/bin/../lib/gcc/arm-none-eabi/10.3.1/../../../../arm-none-eabi/lib/thumb/v7e-m/nofp/libg.a(lib_a-memset.o)
 .bss           0x0000000000000000        0x0 /opt/gcc-arm-none-eabi/bin/../lib/gcc/arm-none-eabi/10.3.1/../../../../arm-none-eabi/lib/thumb/v7e-m/nofp/libg.a(lib_a-memset.o)
 .text.memset   0x0000000000000000       0xa4 /opt/gcc-arm-none-eabi/bin/../lib/gcc/arm-none-eabi/10.3.1/../../../../arm-none-eabi/lib/thumb/v7e-m/nofp/libg.a(lib_a-memset.o)
 .debug_frame   0x0000000000000000       0x2c /opt/gcc-arm-none-eabi/bin/../lib/gcc/arm-none-eabi/10.3.1/../../../../arm-none-eabi/lib/thumb/v7e-m/nofp/libg.a(lib_a-memset.o)
 .ARM.attributes
                0x0000000000000000       0x2e /opt/gcc-arm-none-eabi/bin/../lib/gcc/arm-none-eabi/10.3.1/../../../../arm-none-eabi/lib/thumb/v7e-m/nofp/libg.a(lib_a-memset.o)
 .text          0x0000000000000000        0x0 /opt/gcc-arm-none-eabi/bin/../lib/gcc/arm-none-eabi/10.3.1/../../../../arm-none-eabi/lib/thumb/v7e-m/nofp/libg.a(lib_a-__call_atexit.o)
 .data          0x0000000000000000        0x0 /opt/gcc-arm-none-eabi/bin/../lib/gcc/arm-none-eabi/10.3.1/../../../../arm-none-eabi/lib/thumb/v7e-m/nofp/libg.a(lib_a-__call_atexit.o)
 .bss           0x0000000000000000        0x0 /opt/gcc-arm-none-eabi/bin/../lib/gcc/arm-none-eabi/10.3.1/../../../../arm-none-eabi/lib/thumb/v7e-m/nofp/libg.a(lib_a-__call_atexit.o)
 .text.startup.register_fini
                0x0000000000000000       0x14 /opt/gcc-arm-none-eabi/bin/../lib/gcc/arm-none-eabi/10.3.1/../../../../arm-none-eabi/lib/thumb/v7e-m/nofp/libg.a(lib_a-__call_atexit.o)
 .init_array.00000
                0x0000000000000000        0x4 /opt/gcc-arm-none-eabi/bin/../lib/gcc/arm-none-eabi/10.3.1/../../../../arm-none-eabi/lib/thumb/v7e-m/nofp/libg.a(lib_a-__call_atexit.o)
 .text.__call_exitprocs
                0x0000000000000000       0xc4 /opt/gcc-arm-none-eabi/bin/../lib/gcc/arm-none-eabi/10.3.1/../../../../arm-none-eabi/lib/thumb/v7e-m/nofp/libg.a(lib_a-__call_atexit.o)
 .data.__atexit_recursive_mutex
                0x0000000000000000        0x4 /opt/gcc-arm-none-eabi/bin/../lib/gcc/arm-none-eabi/10.3.1/../../../../arm-none-eabi/lib/thumb/v7e-m/nofp/libg.a(lib_a-__call_atexit.o)
 .debug_frame   0x0000000000000000       0x5c /opt/gcc-arm-none-eabi/bin/../lib/gcc/arm-none-eabi/10.3.1/../../../../arm-none-eabi/lib/thumb/v7e-m/nofp/libg.a(lib_a-__call_atexit.o)
 .ARM.attributes
                0x0000000000000000       0x2e /opt/gcc-arm-none-eabi/bin/../lib/gcc/arm-none-eabi/10.3.1/../../../../arm-none-eabi/lib/thumb/v7e-m/nofp/libg.a(lib_a-__call_atexit.o)
 .text          0x0000000000000000        0x0 /opt/gcc-arm-none-eabi/bin/../lib/gcc/arm-none-eabi/10.3.1/../../../../arm-none-eabi/lib/thumb/v7e-m/nofp/libg.a(lib_a-atexit.o)
 .data          0x0000000000000000        0x0 /opt/gcc-arm-none-eabi/bin/../lib/gcc/arm-none-eabi/10.3.1/../../../../arm-none-eabi/lib/thumb/v7e-m/nofp/libg.a(lib_a-atexit.o)
 .bss           0x0000000000000000        0x0 /opt/gcc-arm-none-eabi/bin/../lib/gcc/arm-none-eabi/10.3.1/../../../../arm-none-eabi/lib/thumb/v7e-m/nofp/libg.a(lib_a-atexit.o)
 .text.atexit   0x0000000000000000        0xc /opt/gcc-arm-none-eabi/bin/../lib/gcc/arm-none-eabi/10.3.1/../../../../arm-none-eabi/lib/thumb/v7e-m/nofp/libg.a(lib_a-atexit.o)
 .debug_frame   0x0000000000000000       0x20 /opt/gcc-arm-none-eabi/bin/../lib/gcc/arm-none-eabi/10.3.1/../../../../arm-none-eabi/lib/thumb/v7e-m/nofp/libg.a(lib_a-atexit.o)
 .ARM.attributes
                0x0000000000000000       0x2e /opt/gcc-arm-none-eabi/bin/../lib/gcc/arm-none-eabi/10.3.1/../../../../arm-none-eabi/lib/thumb/v7e-m/nofp/libg.a(lib_a-atexit.o)
 .text          0x0000000000000000        0x0 /opt/gcc-arm-none-eabi/bin/../lib/gcc/arm-none-eabi/10.3.1/../../../../arm-none-eabi/lib/thumb/v7e-m/nofp/libg.a(lib_a-fini.o)
 .data          0x0000000000000000        0x0 /opt/gcc-arm-none-eabi/bin/../lib/gcc/arm-none-eabi/10.3.1/../../../../arm-none-eabi/lib/thumb/v7e-m/nofp/libg.a(lib_a-fini.o)
 .bss           0x0000000000000000        0x0 /opt/gcc-arm-none-eabi/bin/../lib/gcc/arm-none-eabi/10.3.1/../../../../arm-none-eabi/lib/thumb/v7e-m/nofp/libg.a(lib_a-fini.o)
 .text.__libc_fini_array
                0x0000000000000000       0x2c /opt/gcc-arm-none-eabi/bin/../lib/gcc/arm-none-eabi/10.3.1/../../../../arm-none-eabi/lib/thumb/v7e-m/nofp/libg.a(lib_a-fini.o)
 .debug_frame   0x0000000000000000       0x34 /opt/gcc-arm-none-eabi/bin/../lib/gcc/arm-none-eabi/10.3.1/../../../../arm-none-eabi/lib/thumb/v7e-m/nofp/libg.a(lib_a-fini.o)
 .ARM.attributes
                0x0000000000000000       0x2e /opt/gcc-arm-none-eabi/bin/../lib/gcc/arm-none-eabi/10.3.1/../../../../arm-none-eabi/lib/thumb/v7e-m/nofp/libg.a(lib_a-fini.o)
 .text          0x0000000000000000        0x0 /opt/gcc-arm-none-eabi/bin/../lib/gcc/arm-none-eabi/10.3.1/../../../../arm-none-eabi/lib/thumb/v7e-m/nofp/libg.a(lib_a-lock.o)
 .data          0x0000000000000000        0x0 /opt/gcc-arm-none-eabi/bin/../lib/gcc/arm-none-eabi/10.3.1/../../../../arm-none-eabi/lib/thumb/v7e-m/nofp/libg.a(lib_a-lock.o)
 .bss           0x0000000000000000        0x0 /opt/gcc-arm-none-eabi/bin/../lib/gcc/arm-none-eabi/10.3.1/../../../../arm-none-eabi/lib/thumb/v7e-m/nofp/libg.a(lib_a-lock.o)
 .text.__retarget_lock_init
                0x0000000000000000        0x4 /opt/gcc-arm-none-eabi/bin/../lib/gcc/arm-none-eabi/10.3.1/../../../../arm-none-eabi/lib/thumb/v7e-m/nofp/libg.a(lib_a-lock.o)
 .text.__retarget_lock_init_recursive
                0x0000000000000000        0x4 /opt/gcc-arm-none-eabi/bin/../lib/gcc/arm-none-eabi/10.3.1/../../../../arm-none-eabi/lib/thumb/v7e-m/nofp/libg.a(lib_a-lock.o)
 .text.__retarget_lock_close
                0x0000000000000000        0x4 /opt/gcc-arm-none-eabi/bin/../lib/gcc/arm-none-eabi/10.3.1/../../../../arm-none-eabi/lib/thumb/v7e-m/nofp/libg.a(lib_a-lock.o)
 .text.__retarget_lock_close_recursive
                0x0000000000000000        0x4 /opt/gcc-arm-none-eabi/bin/../lib/gcc/arm-none-eabi/10.3.1/../../../../arm-none-eabi/lib/thumb/v7e-m/nofp/libg.a(lib_a-lock.o)
 .text.__retarget_lock_acquire
                0x0000000000000000        0x4 /opt/gcc-arm-none-eabi/bin/../lib/gcc/arm-none-eabi/10.3.1/../../../../arm-none-eabi/lib/thumb/v7e-m/nofp/libg.a(lib_a-lock.o)
 .text.__retarget_lock_acquire_recursive
                0x0000000000000000        0x4 /opt/gcc-arm-none-eabi/bin/../lib/gcc/arm-none-eabi/10.3.1/../../../../arm-none-eabi/lib/thumb/v7e-m/nofp/libg.a(lib_a-lock.o)
 .text.__retarget_lock_try_acquire
                0x0000000000000000        0x4 /opt/gcc-arm-none-eabi/bin/../lib/gcc/arm-none-eabi/10.3.1/../../../../arm-none-eabi/lib/thumb/v7e-m/nofp/libg.a(lib_a-lock.o)
 .text.__retarget_lock_try_acquire_recursive
                0x0000000000000000        0x4 /opt/gcc-arm-none-eabi/bin/../lib/gcc/arm-none-eabi/10.3.1/../../../../arm-none-eabi/lib/thumb/v7e-m/nofp/libg.a(lib_a-lock.o)
 .text.__retarget_lock_release
                0x0000000000000000        0x4 /opt/gcc-arm-none-eabi/bin/../lib/gcc/arm-none-eabi/10.3.1/../../../../arm-none-eabi/lib/thumb/v7e-m/nofp/libg.a(lib_a-lock.o)
 .text.__retarget_lock_release_recursive
                0x0000000000000000        0x4 /opt/gcc-arm-none-eabi/bin/../lib/gcc/arm-none-eabi/10.3.1/../../../../arm-none-eabi/lib/thumb/v7e-m/nofp/libg.a(lib_a-lock.o)
 .bss.__lock___arc4random_mutex
                0x0000000000000000        0x1 /opt/gcc-arm-none-eabi/bin/../lib/gcc/arm-none-eabi/10.3.1/../../../../arm-none-eabi/lib/thumb/v7e-m/nofp/libg.a(lib_a-lock.o)
 .bss.__lock___at_quick_exit_mutex
                0x0000000000000000        0x1 /opt/gcc-arm-none-eabi/bin/../lib/gcc/arm-none-eabi/10.3.1/../../../../arm-none-eabi/lib/thumb/v7e-m/nofp/libg.a(lib_a-lock.o)
 .bss.__lock___atexit_recursive_mutex
                0x0000000000000000        0x1 /opt/gcc-arm-none-eabi/bin/../lib/gcc/arm-none-eabi/10.3.1/../../../../arm-none-eabi/lib/thumb/v7e-m/nofp/libg.a(lib_a-lock.o)
 .bss.__lock___dd_hash_mutex
                0x0000000000000000        0x1 /opt/gcc-arm-none-eabi/bin/../lib/gcc/arm-none-eabi/10.3.1/../../../../arm-none-eabi/lib/thumb/v7e-m/nofp/libg.a(lib_a-lock.o)
 .bss.__lock___env_recursive_mutex
                0x0000000000000000        0x1 /opt/gcc-arm-none-eabi/bin/../lib/gcc/arm-none-eabi/10.3.1/../../../../arm-none-eabi/lib/thumb/v7e-m/nofp/libg.a(lib_a-lock.o)
 .bss.__lock___malloc_recursive_mutex
                0x0000000000000000        0x1 /opt/gcc-arm-none-eabi/bin/../lib/gcc/arm-none-eabi/10.3.1/../../../../arm-none-eabi/lib/thumb/v7e-m/nofp/libg.a(lib_a-lock.o)
 .bss.__lock___sfp_recursive_mutex
                0x0000000000000000        0x1 /opt/gcc-arm-none-eabi/bin/../lib/gcc/arm-none-eabi/10.3.1/../../../../arm-none-eabi/lib/thumb/v7e-m/nofp/libg.a(lib_a-lock.o)
 .bss.__lock___sinit_recursive_mutex
                0x0000000000000000        0x1 /opt/gcc-arm-none-eabi/bin/../lib/gcc/arm-none-eabi/10.3.1/../../../../arm-none-eabi/lib/thumb/v7e-m/nofp/libg.a(lib_a-lock.o)
 .bss.__lock___tz_mutex
                0x0000000000000000        0x1 /opt/gcc-arm-none-eabi/bin/../lib/gcc/arm-none-eabi/10.3.1/../../../../arm-none-eabi/lib/thumb/v7e-m/nofp/libg.a(lib_a-lock.o)
 .debug_frame   0x0000000000000000       0xb0 /opt/gcc-arm-none-eabi/bin/../lib/gcc/arm-none-eabi/10.3.1/../../../../arm-none-eabi/lib/thumb/v7e-m/nofp/libg.a(lib_a-lock.o)
 .ARM.attributes
                0x0000000000000000       0x2e /opt/gcc-arm-none-eabi/bin/../lib/gcc/arm-none-eabi/10.3.1/../../../../arm-none-eabi/lib/thumb/v7e-m/nofp/libg.a(lib_a-lock.o)
 .text          0x0000000000000000        0x0 /opt/gcc-arm-none-eabi/bin/../lib/gcc/arm-none-eabi/10.3.1/../../../../arm-none-eabi/lib/thumb/v7e-m/nofp/libg.a(lib_a-__atexit.o)
 .data          0x0000000000000000        0x0 /opt/gcc-arm-none-eabi/bin/../lib/gcc/arm-none-eabi/10.3.1/../../../../arm-none-eabi/lib/thumb/v7e-m/nofp/libg.a(lib_a-__atexit.o)
 .bss           0x0000000000000000        0x0 /opt/gcc-arm-none-eabi/bin/../lib/gcc/arm-none-eabi/10.3.1/../../../../arm-none-eabi/lib/thumb/v7e-m/nofp/libg.a(lib_a-__atexit.o)
 .text.__register_exitproc
                0x0000000000000000       0x8c /opt/gcc-arm-none-eabi/bin/../lib/gcc/arm-none-eabi/10.3.1/../../../../arm-none-eabi/lib/thumb/v7e-m/nofp/libg.a(lib_a-__atexit.o)
 .debug_frame   0x0000000000000000       0x34 /opt/gcc-arm-none-eabi/bin/../lib/gcc/arm-none-eabi/10.3.1/../../../../arm-none-eabi/lib/thumb/v7e-m/nofp/libg.a(lib_a-__atexit.o)
 .ARM.attributes
                0x0000000000000000       0x2e /opt/gcc-arm-none-eabi/bin/../lib/gcc/arm-none-eabi/10.3.1/../../../../arm-none-eabi/lib/thumb/v7e-m/nofp/libg.a(lib_a-__atexit.o)
 .text          0x0000000000000000        0x0 /opt/gcc-arm-none-eabi/bin/../lib/gcc/arm-none-eabi/10.3.1/thumb/v7e-m/nofp/crtend.o
 .data          0x0000000000000000        0x0 /opt/gcc-arm-none-eabi/bin/../lib/gcc/arm-none-eabi/10.3.1/thumb/v7e-m/nofp/crtend.o
 .bss           0x0000000000000000        0x0 /opt/gcc-arm-none-eabi/bin/../lib/gcc/arm-none-eabi/10.3.1/thumb/v7e-m/nofp/crtend.o
 .rodata        0x0000000000000000       0x24 /opt/gcc-arm-none-eabi/bin/../lib/gcc/arm-none-eabi/10.3.1/thumb/v7e-m/nofp/crtend.o
 .eh_frame      0x0000000000000000        0x4 /opt/gcc-arm-none-eabi/bin/../lib/gcc/arm-none-eabi/10.3.1/thumb/v7e-m/nofp/crtend.o
 .ARM.attributes
                0x0000000000000000       0x2e /opt/gcc-arm-none-eabi/bin/../lib/gcc/arm-none-eabi/10.3.1/thumb/v7e-m/nofp/crtend.o
 .text          0x0000000000000000        0x0 /opt/gcc-arm-none-eabi/bin/../lib/gcc/arm-none-eabi/10.3.1/thumb/v7e-m/nofp/crtn.o
 .data          0x0000000000000000        0x0 /opt/gcc-arm-none-eabi/bin/../lib/gcc/arm-none-eabi/10.3.1/thumb/v7e-m/nofp/crtn.o
 .bss           0x0000000000000000        0x0 /opt/gcc-arm-none-eabi/bin/../lib/gcc/arm-none-eabi/10.3.1/thumb/v7e-m/nofp/crtn.o
 .init          0x0000000000000000        0x8 /opt/gcc-arm-none-eabi/bin/../lib/gcc/arm-none-eabi/10.3.1/thumb/v7e-m/nofp/crtn.o
 .fini          0x0000000000000000        0x8 /opt/gcc-arm-none-eabi/bin/../lib/gcc/arm-none-eabi/10.3.1/thumb/v7e-m/nofp/crtn.o
 .ARM.attributes
                0x0000000000000000       0x1e /opt/gcc-arm-none-eabi/bin/../lib/gcc/arm-none-eabi/10.3.1/thumb/v7e-m/nofp/crtn.o

Memory Configuration

Name             Origin             Length             Attributes
FLASH            0x0000000008000000 0x0000000000040000 xr
RAM              0x0000000020000000 0x0000000000080000 xrw
*default*        0x0000000000000000 0xffffffffffffffff

Linker script and memory map

LOAD /opt/gcc-arm-none-eabi/bin/../lib/gcc/arm-none-eabi/10.3.1/thumb/v7e-m/nofp/crti.o
LOAD /opt/gcc-arm-none-eabi/bin/../lib/gcc/arm-none-eabi/10.3.1/thumb/v7e-m/nofp/crtbegin.o
LOAD /opt/gcc-arm-none-eabi/bin/../lib/gcc/arm-none-eabi/10.3.1/../../../../arm-none-eabi/lib/thumb/v7e-m/nofp/crt0.o
LOAD build/main.o
LOAD build/startup.o
                0x0000000008000000                __FLASH_ORIGIN = 0x8000000
                0x0000000000040000                __FLASH_LENGTH = 0x40000
START GROUP
LOAD /opt/gcc-arm-none-eabi/bin/../lib/gcc/arm-none-eabi/10.3.1/thumb/v7e-m/nofp/libgcc.a
LOAD /opt/gcc-arm-none-eabi/bin/../lib/gcc/arm-none-eabi/10.3.1/../../../../arm-none-eabi/lib/thumb/v7e-m/nofp/libg.a
LOAD /opt/gcc-arm-none-eabi/bin/../lib/gcc/arm-none-eabi/10.3.1/../../../../arm-none-eabi/lib/thumb/v7e-m/nofp/libc.a
END GROUP
LOAD /opt/gcc-arm-none-eabi/bin/../lib/gcc/arm-none-eabi/10.3.1/thumb/v7e-m/nofp/crtend.o
LOAD /opt/gcc-arm-none-eabi/bin/../lib/gcc/arm-none-eabi/10.3.1/thumb/v7e-m/nofp/crtn.o
                0x0000000008000000                __FLASH_ORIGIN = DEFINED (__FLASH_ORIGIN)?__FLASH_ORIGIN:0x8000000
                0x0000000000040000                __FLASH_LENGTH = DEFINED (__FLASH_LENGTH)?__FLASH_LENGTH:0x100000

.isr_vector     0x0000000008000000       0x40
 *(.isr_vector)
 .isr_vector    0x0000000008000000       0x40 build/startup.o
                0x0000000008000000                vector_table

.text           0x0000000008000040      0x120
 *(.text*)
 .text          0x0000000008000040       0xbc build/main.o
                0x0000000008000040                SysTick_Handler
                0x0000000008000050                get_systick
                0x000000000800005c                delay_ms
                0x0000000008000070                main
 .text          0x00000000080000fc       0x64 build/startup.o
                0x00000000080000fc                Default_Handler
                0x00000000080000fe                Reset_Handler
 *(.rodata*)
                0x0000000008000160                _etext = .

.glue_7         0x0000000008000160        0x0
 .glue_7        0x0000000008000160        0x0 linker stubs

.glue_7t        0x0000000008000160        0x0
 .glue_7t       0x0000000008000160        0x0 linker stubs

.vfp11_veneer   0x0000000008000160        0x0
 .vfp11_veneer  0x0000000008000160        0x0 linker stubs

.v4_bx          0x0000000008000160        0x0
 .v4_bx         0x0000000008000160        0x0 linker stubs

.init           0x0000000008000160        0x4
 .init          0x0000000008000160        0x4 /opt/gcc-arm-none-eabi/bin/../lib/gcc/arm-none-eabi/10.3.1/thumb/v7e-m/nofp/crti.o
                0x0000000008000160                _init

.fini           0x0000000008000164        0x4
 .fini          0x0000000008000164        0x4 /opt/gcc-arm-none-eabi/bin/../lib/gcc/arm-none-eabi/10.3.1/thumb/v7e-m/nofp/crti.o
                0x0000000008000164                _fini

.iplt           0x0000000008000168        0x0
 .iplt          0x0000000008000168        0x0 build/main.o

.rel.dyn        0x0000000008000168        0x0
 .rel.iplt      0x0000000008000168        0x0 build/main.o

.data           0x0000000020000000        0x0 load address 0x0000000008000160
                0x0000000020000000                _sdata = .
 *(.data*)
                0x0000000020000000                _edata = .

.igot.plt       0x0000000020000000        0x0
 .igot.plt      0x0000000020000000        0x0 build/main.o

.bss            0x0000000020000000        0x4
                0x0000000020000000                _sbss = .
 *(.bss*)
 .bss           0x0000000020000000        0x4 build/main.o
 *(COMMON)
                0x0000000020000004                _ebss = .
                0x0000000020080000                _estack = (ORIGIN (RAM) + LENGTH (RAM))
OUTPUT(build/blinky_app.elf elf32-littlearm)
LOAD linker stubs

.ARM.attributes
                0x0000000000000000       0x2a
 .ARM.attributes
                0x0000000000000000       0x1e /opt/gcc-arm-none-eabi/bin/../lib/gcc/arm-none-eabi/10.3.1/thumb/v7e-m/nofp/crti.o
 .ARM.attributes
                0x000000000000001e       0x2e build/main.o
 .ARM.attributes
                0x000000000000004c       0x2e build/startup.o

.comment        0x0000000000000000       0x49
 .comment       0x0000000000000000       0x49 build/main.o
                                         0x4a (size before relaxing)
 .comment       0x0000000000000049       0x4a build/startup.o

.debug_info     0x0000000000000000      0xe50
 .debug_info    0x0000000000000000      0xcfd build/main.o
 .debug_info    0x0000000000000cfd      0x153 build/startup.o

.debug_abbrev   0x0000000000000000      0x3a3
 .debug_abbrev  0x0000000000000000      0x2ae build/main.o
 .debug_abbrev  0x00000000000002ae       0xf5 build/startup.o

.debug_loc      0x0000000000000000      0x131
 .debug_loc     0x0000000000000000       0xcf build/main.o
 .debug_loc     0x00000000000000cf       0x62 build/startup.o

.debug_aranges  0x0000000000000000       0x40
 .debug_aranges
                0x0000000000000000       0x20 build/main.o
 .debug_aranges
                0x0000000000000020       0x20 build/startup.o

.debug_ranges   0x0000000000000000       0x18
 .debug_ranges  0x0000000000000000       0x18 build/main.o

.debug_line     0x0000000000000000      0x325
 .debug_line    0x0000000000000000      0x28e build/main.o
 .debug_line    0x000000000000028e       0x97 build/startup.o

.debug_str      0x0000000000000000      0xb03
 .debug_str     0x0000000000000000      0xaa0 build/main.o
                                        0xaf7 (size before relaxing)
 .debug_str     0x0000000000000aa0       0x63 build/startup.o
                                        0x192 (size before relaxing)

.debug_frame    0x0000000000000000       0x98
 .debug_frame   0x0000000000000000       0x60 build/main.o
 .debug_frame   0x0000000000000060       0x38 build/startup.o
